Component: ARM Compiler 5.06 update 6 (build 750) Tool: armlink [4d35ed]

==============================================================================

Section Cross References

    startup_stm32f405xx.o(RESET) refers to startup_stm32f405xx.o(STACK) for __initial_sp
    startup_stm32f405xx.o(RESET) refers to startup_stm32f405xx.o(.text) for Reset_Handler
    startup_stm32f405xx.o(RESET) refers to stm32f4xx_it.o(i.NMI_Handler) for NMI_Handler
    startup_stm32f405xx.o(RESET) refers to stm32f4xx_it.o(i.HardFault_Handler) for HardFault_Handler
    startup_stm32f405xx.o(RESET) refers to stm32f4xx_it.o(i.MemManage_Handler) for MemManage_Handler
    startup_stm32f405xx.o(RESET) refers to stm32f4xx_it.o(i.BusFault_Handler) for BusFault_Handler
    startup_stm32f405xx.o(RESET) refers to stm32f4xx_it.o(i.UsageFault_Handler) for UsageFault_Handler
    startup_stm32f405xx.o(RESET) refers to stm32f4xx_it.o(i.SVC_Handler) for SVC_Handler
    startup_stm32f405xx.o(RESET) refers to stm32f4xx_it.o(i.DebugMon_Handler) for DebugMon_Handler
    startup_stm32f405xx.o(RESET) refers to stm32f4xx_it.o(i.PendSV_Handler) for PendSV_Handler
    startup_stm32f405xx.o(RESET) refers to stm32f4xx_it.o(i.SysTick_Handler) for SysTick_Handler
    startup_stm32f405xx.o(RESET) refers to stm32f4xx_it.o(i.EXTI4_IRQHandler) for EXTI4_IRQHandler
    startup_stm32f405xx.o(RESET) refers to stm32f4xx_it.o(i.CAN1_RX0_IRQHandler) for CAN1_RX0_IRQHandler
    startup_stm32f405xx.o(RESET) refers to stm32f4xx_it.o(i.EXTI9_5_IRQHandler) for EXTI9_5_IRQHandler
    startup_stm32f405xx.o(RESET) refers to stm32f4xx_it.o(i.TIM3_IRQHandler) for TIM3_IRQHandler
    startup_stm32f405xx.o(RESET) refers to stm32f4xx_it.o(i.USART2_IRQHandler) for USART2_IRQHandler
    startup_stm32f405xx.o(RESET) refers to stm32f4xx_it.o(i.TIM8_TRG_COM_TIM14_IRQHandler) for TIM8_TRG_COM_TIM14_IRQHandler
    startup_stm32f405xx.o(.text) refers to system_stm32f4xx.o(i.SystemInit) for SystemInit
    startup_stm32f405xx.o(.text) refers to entry.o(.ARM.Collect$$$$00000000) for __main
    main.o(i.CAN_User_Init) refers to stm32f4xx_hal_can.o(i.HAL_CAN_ConfigFilter) for HAL_CAN_ConfigFilter
    main.o(i.CAN_User_Init) refers to stm32f4xx_hal_can.o(i.HAL_CAN_Start) for HAL_CAN_Start
    main.o(i.CAN_User_Init) refers to printfa.o(i.__0printf) for __2printf
    main.o(i.CAN_User_Init) refers to stm32f4xx_hal_can.o(i.HAL_CAN_ActivateNotification) for HAL_CAN_ActivateNotification
    main.o(i.CAN_User_Init) refers to main.o(.bss) for .bss
    main.o(i.CAN_User_Init) refers to tim_ctrl.o(.bss) for M1
    main.o(i.CANx_SendNormalData) refers to stm32f4xx_hal_can.o(i.HAL_CAN_GetTxMailboxesFreeLevel) for HAL_CAN_GetTxMailboxesFreeLevel
    main.o(i.CANx_SendNormalData) refers to stm32f4xx_hal.o(i.HAL_Delay) for HAL_Delay
    main.o(i.CANx_SendNormalData) refers to stm32f4xx_hal_can.o(i.HAL_CAN_AddTxMessage) for HAL_CAN_AddTxMessage
    main.o(i.CANx_SendNormalData) refers to main.o(.bss) for .bss
    main.o(i.EncoderClear) refers to tim_ctrl.o(.bss) for M1
    main.o(i.EncoderClear) refers to tim.o(.bss) for htim3
    main.o(i.HAL_CAN_RxFifo0MsgPendingCallback) refers to stm32f4xx_hal_can.o(i.HAL_CAN_GetRxMessage) for HAL_CAN_GetRxMessage
    main.o(i.HAL_CAN_RxFifo0MsgPendingCallback) refers to com.o(i.USART2Interrupt) for USART2Interrupt
    main.o(i.HAL_CAN_RxFifo0MsgPendingCallback) refers to can.o(.bss) for hcan1
    main.o(i.HAL_CAN_RxFifo0MsgPendingCallback) refers to main.o(.bss) for .bss
    main.o(i.HAL_CAN_RxFifo0MsgPendingCallback) refers to main.o(.data) for .data
    main.o(i.ParaInit) refers to main.o(i.EncoderClear) for EncoderClear
    main.o(i.ParaInit) refers to stmflash.o(i.STMFLASH_Write) for STMFLASH_Write
    main.o(i.ParaInit) refers to main.o(.data) for .data
    main.o(i.StartUp) refers to main.o(i.ParaInit) for ParaInit
    main.o(i.StartUp) refers to stm32f4xx_hal_uart.o(i.HAL_UART_Receive_IT) for HAL_UART_Receive_IT
    main.o(i.StartUp) refers to stm32f4xx_hal_dac.o(i.HAL_DAC_SetValue) for HAL_DAC_SetValue
    main.o(i.StartUp) refers to stm32f4xx_hal_dac.o(i.HAL_DAC_Start) for HAL_DAC_Start
    main.o(i.StartUp) refers to stm32f4xx_hal_tim.o(i.HAL_TIM_Base_Start_IT) for HAL_TIM_Base_Start_IT
    main.o(i.StartUp) refers to stm32f4xx_hal_gpio.o(i.HAL_GPIO_WritePin) for HAL_GPIO_WritePin
    main.o(i.StartUp) refers to tim_ctrl.o(i.GetID) for GetID
    main.o(i.StartUp) refers to stm32f4xx_hal_tim.o(i.HAL_TIM_PWM_Start) for HAL_TIM_PWM_Start
    main.o(i.StartUp) refers to usart.o(.data) for RXBuffer
    main.o(i.StartUp) refers to usart.o(.bss) for huart2
    main.o(i.StartUp) refers to dac.o(.bss) for hdac
    main.o(i.StartUp) refers to tim.o(.bss) for htim3
    main.o(i.StartUp) refers to tim_ctrl.o(.bss) for M1
    main.o(i.StartUp) refers to motor.o(.bss) for M1Ctrl
    main.o(i.SystemClock_Config) refers to memseta.o(.text) for __aeabi_memclr4
    main.o(i.SystemClock_Config) refers to stm32f4xx_hal_rcc.o(i.HAL_RCC_OscConfig) for HAL_RCC_OscConfig
[...]
    i.HAL_SYSTICK_Config                     0x08002f10   Section        0  stm32f4xx_hal_cortex.o(i.HAL_SYSTICK_Config)
    i.HAL_TIMEx_BreakCallback                0x08002f38   Section        0  stm32f4xx_hal_tim_ex.o(i.HAL_TIMEx_BreakCallback)
    i.HAL_TIMEx_CommutCallback               0x08002f3a   Section        0  stm32f4xx_hal_tim_ex.o(i.HAL_TIMEx_CommutCallback)
    i.HAL_TIMEx_ConfigBreakDeadTime          0x08002f3c   Section        0  stm32f4xx_hal_tim_ex.o(i.HAL_TIMEx_ConfigBreakDeadTime)
    i.HAL_TIMEx_MasterConfigSynchronization  0x08002f90   Section        0  stm32f4xx_hal_tim_ex.o(i.HAL_TIMEx_MasterConfigSynchronization)
    i.HAL_TIM_Base_Init                      0x08002fd2   Section        0  stm32f4xx_hal_tim.o(i.HAL_TIM_Base_Init)
    i.HAL_TIM_Base_MspInit                   0x08003008   Section        0  tim.o(i.HAL_TIM_Base_MspInit)
    i.HAL_TIM_Base_Start_IT                  0x08003044   Section        0  stm32f4xx_hal_tim.o(i.HAL_TIM_Base_Start_IT)
    i.HAL_TIM_Encoder_Init                   0x08003066   Section        0  stm32f4xx_hal_tim.o(i.HAL_TIM_Encoder_Init)
    i.HAL_TIM_Encoder_MspInit                0x08003100   Section        0  tim.o(i.HAL_TIM_Encoder_MspInit)
    i.HAL_TIM_IC_CaptureCallback             0x08003174   Section        0  stm32f4xx_hal_tim.o(i.HAL_TIM_IC_CaptureCallback)
    i.HAL_TIM_IRQHandler                     0x08003176   Section        0  stm32f4xx_hal_tim.o(i.HAL_TIM_IRQHandler)
    i.HAL_TIM_MspPostInit                    0x080032dc   Section        0  tim.o(i.HAL_TIM_MspPostInit)
    i.HAL_TIM_OC_DelayElapsedCallback        0x08003330   Section        0  stm32f4xx_hal_tim.o(i.HAL_TIM_OC_DelayElapsedCallback)
    i.HAL_TIM_PWM_ConfigChannel              0x08003332   Section        0  stm32f4xx_hal_tim.o(i.HAL_TIM_PWM_ConfigChannel)
    i.HAL_TIM_PWM_Init                       0x08003402   Section        0  stm32f4xx_hal_tim.o(i.HAL_TIM_PWM_Init)
    i.HAL_TIM_PWM_MspInit                    0x08003438   Section        0  tim.o(i.HAL_TIM_PWM_MspInit)
    i.HAL_TIM_PWM_PulseFinishedCallback      0x08003460   Section        0  stm32f4xx_hal_tim.o(i.HAL_TIM_PWM_PulseFinishedCallback)
    i.HAL_TIM_PWM_Start                      0x08003464   Section        0  stm32f4xx_hal_tim.o(i.HAL_TIM_PWM_Start)
    i.HAL_TIM_PeriodElapsedCallback          0x080034a8   Section        0  tim_ctrl.o(i.HAL_TIM_PeriodElapsedCallback)
    i.HAL_TIM_TriggerCallback                0x0800358c   Section        0  stm32f4xx_hal_tim.o(i.HAL_TIM_TriggerCallback)
    i.HAL_UART_ErrorCallback                 0x0800358e   Section        0  stm32f4xx_hal_uart.o(i.HAL_UART_ErrorCallback)
    i.HAL_UART_IRQHandler                    0x08003590   Section        0  stm32f4xx_hal_uart.o(i.HAL_UART_IRQHandler)
    i.HAL_UART_Init                          0x080036a0   Section        0  stm32f4xx_hal_uart.o(i.HAL_UART_Init)
    i.HAL_UART_MspInit                       0x08003704   Section        0  usart.o(i.HAL_UART_MspInit)
    i.HAL_UART_Receive_IT                    0x0800377c   Section        0  stm32f4xx_hal_uart.o(i.HAL_UART_Receive_IT)
    i.HAL_UART_RxCpltCallback                0x080037d0   Section        0  usart.o(i.HAL_UART_RxCpltCallback)
    i.HAL_UART_Transmit                      0x080037f8   Section        0  stm32f4xx_hal_uart.o(i.HAL_UART_Transmit)
    i.HAL_UART_TxCpltCallback                0x080038b2   Section        0  stm32f4xx_hal_uart.o(i.HAL_UART_TxCpltCallback)
    i.HardFault_Handler                      0x080038b4   Section        0  stm32f4xx_it.o(i.HardFault_Handler)
    i.MX_ADC1_Init                           0x080038b8   Section        0  adc.o(i.MX_ADC1_Init)
    i.MX_ADC3_Init                           0x08003934   Section        0  adc.o(i.MX_ADC3_Init)
    i.MX_CAN1_Init                           0x080039ac   Section        0  can.o(i.MX_CAN1_Init)
    i.MX_DAC_Init                            0x080039f0   Section        0  dac.o(i.MX_DAC_Init)
    i.MX_GPIO_Init                           0x08003a2c   Section        0  gpio.o(i.MX_GPIO_Init)
    i.MX_TIM14_Init                          0x08003b28   Section        0  tim.o(i.MX_TIM14_Init)
    i.MX_TIM1_Init                           0x08003b5c   Section        0  tim.o(i.MX_TIM1_Init)
    i.MX_TIM3_Init                           0x08003c0c   Section        0  tim.o(i.MX_TIM3_Init)
    i.MX_USART2_UART_Init                    0x08003c78   Section        0  usart.o(i.MX_USART2_UART_Init)
    i.MemManage_Handler                      0x08003cb0   Section        0  stm32f4xx_it.o(i.MemManage_Handler)
    i.MotorDataFdbk                          0x08003cb2   Section        0  protocol.o(i.MotorDataFdbk)
    i.MotorState                             0x08003cd8   Section        0  tim_ctrl.o(i.MotorState)
    i.NMI_Handler                            0x08003e6c   Section        0  stm32f4xx_it.o(i.NMI_Handler)
    i.ParaInit                               0x08003e70   Section        0  main.o(i.ParaInit)
    i.PendSV_Handler                         0x08003ea8   Section        0  stm32f4xx_it.o(i.PendSV_Handler)
    i.PlanTraj                               0x08003eac   Section        0  motor.o(i.PlanTraj)
    i.ProtocAnalsis                          0x08004434   Section        0  com.o(i.ProtocAnalsis)
    i.RPreMin2CounterPerSec                  0x080046c0   Section        0  motor.o(i.RPreMin2CounterPerSec)
    i.STMFLASH_Write                         0x080046f0   Section        0  stmflash.o(i.STMFLASH_Write)
    i.SVC_Handler                            0x08004736   Section        0  stm32f4xx_it.o(i.SVC_Handler)
    i.SetMotorPWM                            0x08004738   Section        0  motor.o(i.SetMotorPWM)
    i.StartUp                                0x080047fc   Section        0  main.o(i.StartUp)
    i.SysTick_Handler                        0x080048a4   Section        0  stm32f4xx_it.o(i.SysTick_Handler)
    i.SystemClock_Config                     0x080048a8   Section        0  main.o(i.SystemClock_Config)
    i.SystemInit                             0x0800492c   Section        0  system_stm32f4xx.o(i.SystemInit)
    i.TIM3_IRQHandler                        0x08004980   Section        0  stm32f4xx_it.o(i.TIM3_IRQHandler)
    i.TIM8_TRG_COM_TIM14_IRQHandler          0x0800498c   Section        0  stm32f4xx_it.o(i.TIM8_TRG_COM_TIM14_IRQHandler)
    i.TIM_Base_SetConfig                     0x08004998   Section        0  stm32f4xx_hal_tim.o(i.TIM_Base_SetConfig)
    i.TIM_CCxChannelCmd                      0x08004a60   Section        0  stm32f4xx_hal_tim.o(i.TIM_CCxChannelCmd)
    i.TIM_OC1_SetConfig                      0x08004a7c   Section        0  stm32f4xx_hal_tim.o(i.TIM_OC1_SetConfig)
    TIM_OC1_SetConfig                        0x08004a7d   Thumb Code    88  stm32f4xx_hal_tim.o(i.TIM_OC1_SetConfig)
    i.TIM_OC2_SetConfig                      0x08004adc   Section        0  stm32f4xx_hal_tim.o(i.TIM_OC2_SetConfig)
    i.TIM_OC3_SetConfig                      0x08004b48   Section        0  stm32f4xx_hal_tim.o(i.TIM_OC3_SetConfig)
    TIM_OC3_SetConfig                        0x08004b49   Thumb Code    96  stm32f4xx_hal_tim.o(i.TIM_OC3_SetConfig)
    i.TIM_OC4_SetConfig                      0x08004bb0   Section        0  stm32f4xx_hal_tim.o(i.TIM_OC4_SetConfig)
    TIM_OC4_SetConfig                        0x08004bb1   Thumb Code    70  stm32f4xx_hal_tim.o(i.TIM_OC4_SetConfig)
    i.UART_DMAAbortOnError                   0x08004c00   Section        0  stm32f4xx_hal_uart.o(i.UART_DMAAbortOnError)
    UART_DMAAbortOnError                     0x08004c01   Thumb Code    16  stm32f4xx_hal_uart.o(i.UART_DMAAbortOnError)
    i.UART_EndRxTransfer                     0x08004c10   Section        0  stm32f4xx_hal_uart.o(i.UART_EndRxTransfer)
    UART_EndRxTransfer                       0x08004c11   Thumb Code    28  stm32f4xx_hal_uart.o(i.UART_EndRxTransfer)
    i.UART_Receive_IT                        0x08004c2c   Section        0  stm32f4xx_hal_uart.o(i.UART_Receive_IT)
    UART_Receive_IT                          0x08004c2d   Thumb Code   150  stm32f4xx_hal_uart.o(i.UART_Receive_IT)
    i.UART_SetConfig                         0x08004cc4   Section        0  stm32f4xx_hal_uart.o(i.UART_SetConfig)
    UART_SetConfig                           0x08004cc5   Thumb Code   676  stm32f4xx_hal_uart.o(i.UART_SetConfig)
    i.UART_Transmit_IT                       0x08004f70   Section        0  stm32f4xx_hal_uart.o(i.UART_Transmit_IT)
    UART_Transmit_IT                         0x08004f71   Thumb Code    98  stm32f4xx_hal_uart.o(i.UART_Transmit_IT)
    i.UART_WaitOnFlagUntilTimeout            0x08004fd2   Section        0  stm32f4xx_hal_uart.o(i.UART_WaitOnFlagUntilTimeout)
    UART_WaitOnFlagUntilTimeout              0x08004fd3   Thumb Code   100  stm32f4xx_hal_uart.o(i.UART_WaitOnFlagUntilTimeout)
    i.USART2Interrupt                        0x08005038   Section        0  com.o(i.USART2Interrupt)
    i.USART2_IRQHandler                      0x080050bc   Section        0  stm32f4xx_it.o(i.USART2_IRQHandler)
    i.UartSendData                           0x080050c8   Section        0  com.o(i.UartSendData)
    i.UsageFault_Handler                     0x0800513c   Section        0  stm32f4xx_it.o(i.UsageFault_Handler)
    i.__0printf                              0x08005140   Section        0  printfa.o(i.__0printf)
    i.__NVIC_SetPriority                     0x08005160   Section        0  stm32f4xx_hal_cortex.o(i.__NVIC_SetPriority)
    __NVIC_SetPriority                       0x08005161   Thumb Code    32  stm32f4xx_hal_cortex.o(i.__NVIC_SetPriority)
    i.__hardfp_sqrt                          0x08005180   Section        0  sqrt.o(i.__hardfp_sqrt)
    i.__scatterload_copy                     0x080051fa   Section       14  handlers.o(i.__scatterload_copy)
    i.__scatterload_null                     0x08005208   Section        2  handlers.o(i.__scatterload_null)
    i.__scatterload_zeroinit                 0x0800520a   Section       14  handlers.o(i.__scatterload_zeroinit)
    i.__set_errno                            0x08005218   Section        0  errno.o(i.__set_errno)
    i._fp_digits                             0x08005224   Section        0  printfa.o(i._fp_digits)
    _fp_digits                               0x08005225   Thumb Code   366  printfa.o(i._fp_digits)
    i._printf_core                           0x080053a8   Section        0  printfa.o(i._printf_core)
    _printf_core                             0x080053a9   Thumb Code  1744  printfa.o(i._printf_core)
    i._printf_post_padding                   0x08005a84   Section        0  printfa.o(i._printf_post_padding)
    _printf_post_padding                     0x08005a85   Thumb Code    36  printfa.o(i._printf_post_padding)
    i._printf_pre_padding                    0x08005aa8   Section        0  printfa.o(i._printf_pre_padding)
    _printf_pre_padding                      0x08005aa9   Thumb Code    46  printfa.o(i._printf_pre_padding)
    i.fputc                                  0x08005ad8   Section        0  usart.o(i.fputc)
    i.main                                   0x08005af0   Section        0  main.o(i.main)
    i.setFullPWM                             0x08005c48   Section        0  motor.o(i.setFullPWM)
    i.setPWMAitClockwise                     0x08005c58   Section        0  motor.o(i.setPWMAitClockwise)
    i.setPWMClockwise                        0x08005c88   Section        0  motor.o(i.setPWMClockwise)
    i.setZeroPWM                             0x08005cb8   Section        0  motor.o(i.setZeroPWM)
    .constdata                               0x08005ccc   Section      100  main.o(.constdata)
    .constdata                               0x08005d30   Section       16  system_stm32f4xx.o(.constdata)
    .constdata                               0x08005d40   Section        8  system_stm32f4xx.o(.constdata)
    .data                                    0x20000000   Section        8  main.o(.data)
    .data                                    0x20000008   Section      120  main.o(.data)
    .data                                    0x20000080   Section        4  main.o(.data)
    .data                                    0x20000084   Section        4  main.o(.data)
    .data                                    0x20000088   Section        8  adc.o(.data)
    .data                                    0x20000090   Section        8  adc.o(.data)
    .data                                    0x20000098   Section        1  usart.o(.data)
    .data                                    0x20000099   Section        1  usart.o(.data)
    .data                                    0x2000009c   Section       12  stm32f4xx_hal.o(.data)
    .data                                    0x200000a8   Section        4  system_stm32f4xx.o(.data)
    .data                                    0x200000ac   Section       12  tim_ctrl.o(.data)
    .data                                    0x200000b8   Section       24  motor.o(.data)
    ii                                       0x200000b8   Data           1  motor.o(.data)
    CtrlCounter                              0x200000bc   Data           4  motor.o(.data)
    spMax                                    0x200000c0   Data           4  motor.o(.data)
    VelocityError                            0x200000c4   Data           4  motor.o(.data)
    Error_I                                  0x200000c8   Data           4  motor.o(.data)
    max_I                                    0x200000cc   Data           4  motor.o(.data)
    .data                                    0x200000d0   Section       24  com.o(.data)
    Uart_counter                             0x200000d0   Data           1  com.o(.data)
    UartStartFlag                            0x200000d1   Data           1  com.o(.data)
    i                                        0x200000d3   Data           1  com.o(.data)
    scheck                                   0x200000d8   Data           4  com.o(.data)
    upwm                                     0x200000dc   Data           4  com.o(.data)
    .data                                    0x200000e8   Section        4  stdout.o(.data)
    .data                                    0x200000ec   Section        4  errno.o(.data)
    _errno                                   0x200000ec   Data           4  errno.o(.data)
    .bss                                     0x200000f0   Section       96  main.o(.bss)
    .bss                                     0x20000150   Section       52  main.o(.bss)
    .bss                                     0x20000184   Section      184  adc.o(.bss)
    .bss                                     0x2000023c   Section       40  can.o(.bss)
    .bss                                     0x20000264   Section       20  dac.o(.bss)
    .bss                                     0x20000278   Section      192  tim.o(.bss)
    .bss                                     0x20000338   Section       64  usart.o(.bss)
    .bss                                     0x20000378   Section       32  stm32f4xx_hal_flash.o(.bss)
    .bss                                     0x20000398   Section    16264  tim_ctrl.o(.bss)
    .bss                                     0x20004320   Section      256  motor.o(.bss)
    Error                                    0x20004380   Data          64  motor.o(.bss)
    .bss                                     0x20004420   Section       36  protocol.o(.bss)
    EraseInitStruct                          0x20004430   Data          20  protocol.o(.bss)
    .bss                                     0x20004444   Section       18  com.o(.bss)
    STACK                                    0x20004458   Section     4096  startup_stm32f405xx.o(STACK)

    Global Symbols

    Symbol Name                              Value     Ov Type        Size  Object(Section)

    BuildAttributes$$THM_ISAv4$E$P$D$K$B$S$7EM$VFPi3$EXTD16$VFPS$VFMA$PE$A:L22UL41UL21$X:L11$S22US41US21$IEEE1$IW$USESV6$~STKCKD$USESV7$~SHL$OTIME$ROPI$IEEEJ$EBA8$MICROLIB$REQ8$PRES8$EABIv2 0x00000000   Number         0  anon$$obj.o ABSOLUTE
    __ARM_use_no_argv                        0x00000000   Number         0  main.o ABSOLUTE
    _printf_a                                0x00000000   Number         0  stubs.o ABSOLUTE
    _printf_c                                0x00000000   Number         0  stubs.o ABSOLUTE
    _printf_charcount                        0x00000000   Number         0  stubs.o ABSOLUTE
    _printf_d                                0x00000000   Number         0  stubs.o ABSOLUTE
    _printf_e                                0x00000000   Number         0  stubs.o ABSOLUTE
    _printf_f                                0x00000000   Number         0  stubs.o ABSOLUTE
    _printf_flags                            0x00000000   Number         0  stubs.o ABSOLUTE
    _printf_fp_dec                           0x00000000   Number         0  stubs.o ABSOLUTE
    _printf_fp_hex                           0x00000000   Number         0  stubs.o ABSOLUTE
    _printf_g                                0x00000000   Number         0  stubs.o ABSOLUTE
    _printf_i                                0x00000000   Number         0  stubs.o ABSOLUTE
    _printf_int_dec                          0x00000000   Number         0  stubs.o ABSOLUTE
    _printf_l                                0x00000000   Number         0  stubs.o ABSOLUTE
    _printf_lc                               0x00000000   Number         0  stubs.o ABSOLUTE
    _printf_ll                               0x00000000   Number         0  stubs.o ABSOLUTE
    _printf_lld                              0x00000000   Number         0  stubs.o ABSOLUTE
    _printf_lli                              0x00000000   Number         0  stubs.o ABSOLUTE
    _printf_llo                              0x00000000   Number         0  stubs.o ABSOLUTE
    _printf_llu                              0x00000000   Number         0  stubs.o ABSOLUTE
    _printf_llx                              0x00000000   Number         0  stubs.o ABSOLUTE
    _printf_longlong_dec                     0x00000000   Number         0  stubs.o ABSOLUTE
    _printf_longlong_hex                     0x00000000   Number         0  stubs.o ABSOLUTE
    _printf_longlong_oct                     0x00000000   Number         0  stubs.o ABSOLUTE
    _printf_ls                               0x00000000   Number         0  stubs.o ABSOLUTE
    _printf_mbtowc                           0x00000000   Number         0  stubs.o ABSOLUTE
    _printf_n                                0x00000000   Number         0  stubs.o ABSOLUTE
    _printf_o                                0x00000000   Number         0  stubs.o ABSOLUTE
    _printf_p                                0x00000000   Number         0  stubs.o ABSOLUTE
    _printf_percent                          0x00000000   Number         0  stubs.o ABSOLUTE
    _printf_pre_padding                      0x00000000   Number         0  stubs.o ABSOLUTE
    _printf_return_value                     0x00000000   Number         0  stubs.o ABSOLUTE
    _printf_s                                0x00000000   Number         0  stubs.o ABSOLUTE
    _printf_sizespec                         0x00000000   Number         0  stubs.o ABSOLUTE
    _printf_str                              0x00000000   Number         0  stubs.o ABSOLUTE
    _printf_truncate_signed                  0x00000000   Number         0  stubs.o ABSOLUTE
    _printf_truncate_unsigned                0x00000000   Number         0  stubs.o ABSOLUTE
    _printf_u                                0x00000000   Number         0  stubs.o ABSOLUTE
    _printf_wc                               0x00000000   Number         0  stubs.o ABSOLUTE
    _printf_wctomb                           0x00000000   Number         0  stubs.o ABSOLUTE
    _printf_widthprec                        0x00000000   Number         0  stubs.o ABSOLUTE
    _printf_x                                0x00000000   Number         0  stubs.o ABSOLUTE
    __cpp_initialize__aeabi_                  - Undefined Weak Reference
    __cxa_finalize                            - Undefined Weak Reference
    __decompress                              - Undefined Weak Reference
    _clock_init                               - Undefined Weak Reference
    _microlib_exit                            - Undefined Weak Reference
    __Vectors_Size                           0x00000188   Number         0  startup_stm32f405xx.o ABSOLUTE
    __Vectors                                0x08000000   Data           4  startup_stm32f405xx.o(RESET)
    __Vectors_End                            0x08000188   Data           0  startup_stm32f405xx.o(RESET)
    __main                                   0x08000189   Thumb Code     0  entry.o(.ARM.Collect$$$$00000000)
    _main_stk                                0x08000189   Thumb Code     0  entry2.o(.ARM.Collect$$$$00000001)
    _main_scatterload                        0x0800018d   Thumb Code     0  entry5.o(.ARM.Collect$$$$00000004)
    __main_after_scatterload                 0x08000191   Thumb Code     0  entry5.o(.ARM.Collect$$$$00000004)
    _main_clock                              0x08000191   Thumb Code     0  entry7b.o(.ARM.Collect$$$$00000008)
    _main_cpp_init                           0x08000191   Thumb Code     0  entry8b.o(.ARM.Collect$$$$0000000A)
    _main_init                               0x08000191   Thumb Code     0  entry9a.o(.ARM.Collect$$$$0000000B)
    __rt_final_cpp                           0x08000199   Thumb Code     0  entry10a.o(.ARM.Collect$$$$0000000D)
    __rt_final_exit                          0x08000199   Thumb Code     0  entry11a.o(.ARM.Collect$$$$0000000F)
    Reset_Handler                            0x0800019d   Thumb Code     8  startup_stm32f405xx.o(.text)
    ADC_IRQHandler                           0x080001b7   Thumb Code     0  startup_stm32f405xx.o(.text)
    CAN1_RX1_IRQHandler                      0x080001b7   Thumb Code     0  startup_stm32f405xx.o(.text)
    CAN1_SCE_IRQHandler                      0x080001b7   Thumb Code     0  startup_stm32f405xx.o(.text)
    CAN1_TX_IRQHandler                       0x080001b7   Thumb Code     0  startup_stm32f405xx.o(.text)
    CAN2_RX0_IRQHandler                      0x080001b7   Thumb Code     0  startup_stm32f405xx.o(.text)
    CAN2_RX1_IRQHandler                      0x080001b7   Thumb Code     0  startup_stm32f405xx.o(.text)
    CAN2_SCE_IRQHandler                      0x080001b7   Thumb Code     0  startup_stm32f405xx.o(.text)
    CAN2_TX_IRQHandler                       0x080001b7   Thumb Code     0  startup_stm32f405xx.o(.text)
    DMA1_Stream0_IRQHandler                  0x080001b7   Thumb Code     0  startup_stm32f405xx.o(.text)
    DMA1_Stream1_IRQHandler                  0x080001b7   Thumb Code     0  startup_stm32f405xx.o(.text)
    DMA1_Stream2_IRQHandler                  0x080001b7   Thumb Code     0  startup_stm32f405xx.o(.text)
    DMA1_Stream3_IRQHandler                  0x080001b7   Thumb Code     0  startup_stm32f405xx.o(.text)
    DMA1_Stream4_IRQHandler                  0x080001b7   Thumb Code     0  startup_stm32f405xx.o(.text)
    DMA1_Stream5_IRQHandler                  0x080001b7   Thumb Code     0  startup_stm32f405xx.o(.text)
    DMA1_Stream6_IRQHandler                  0x080001b7   Thumb Code     0  startup_stm32f405xx.o(.text)
    DMA1_Stream7_IRQHandler                  0x080001b7   Thumb Code     0  startup_stm32f405xx.o(.text)
    DMA2_Stream0_IRQHandler                  0x080001b7   Thumb Code     0  startup_stm32f405xx.o(.text)
    DMA2_Stream1_IRQHandler                  0x080001b7   Thumb Code     0  startup_stm32f405xx.o(.text)
    DMA2_Stream2_IRQHandler                  0x080001b7   Thumb Code     0  startup_stm32f405xx.o(.text)
    DMA2_Stream3_IRQHandler                  0x080001b7   Thumb Code     0  startup_stm32f405xx.o(.text)
    DMA2_Stream4_IRQHandler                  0x080001b7   Thumb Code     0  startup_stm32f405xx.o(.text)
    DMA2_Stream5_IRQHandler                  0x080001b7   Thumb Code     0  startup_stm32f405xx.o(.text)
    DMA2_Stream6_IRQHandler                  0x080001b7   Thumb Code     0  startup_stm32f405xx.o(.text)
    DMA2_Stream7_IRQHandler                  0x080001b7   Thumb Code     0  startup_stm32f405xx.o(.text)
    EXTI0_IRQHandler                         0x080001b7   Thumb Code     0  startup_stm32f405xx.o(.text)
    EXTI15_10_IRQHandler                     0x080001b7   Thumb Code     0  startup_stm32f405xx.o(.text)
    EXTI1_IRQHandler                         0x080001b7   Thumb Code     0  startup_stm32f405xx.o(.text)
    EXTI2_IRQHandler                         0x080001b7   Thumb Code     0  startup_stm32f405xx.o(.text)
    EXTI3_IRQHandler                         0x080001b7   Thumb Code     0  startup_stm32f405xx.o(.text)
    FLASH_IRQHandler                         0x080001b7   Thumb Code     0  startup_stm32f405xx.o(.text)
    FMC_IRQHandler                           0x080001b7   Thumb Code     0  startup_stm32f405xx.o(.text)
    FPU_IRQHandler                           0x080001b7   Thumb Code     0  startup_stm32f405xx.o(.text)
    HASH_RNG_IRQHandler                      0x080001b7   Thumb Code     0  startup_stm32f405xx.o(.text)
    I2C1_ER_IRQHandler                       0x080001b7   Thumb Code     0  startup_stm32f405xx.o(.text)
    I2C1_EV_IRQHandler                       0x080001b7   Thumb Code     0  startup_stm32f405xx.o(.text)
    I2C2_ER_IRQHandler                       0x080001b7   Thumb Code     0  startup_stm32f405xx.o(.text)
    I2C2_EV_IRQHandler                       0x080001b7   Thumb Code     0  startup_stm32f405xx.o(.text)
    I2C3_ER_IRQHandler                       0x080001b7   Thumb Code     0  startup_stm32f405xx.o(.text)
    I2C3_EV_IRQHandler                       0x080001b7   Thumb Code     0  startup_stm32f405xx.o(.text)
    OTG_FS_IRQHandler                        0x080001b7   Thumb Code     0  startup_stm32f405xx.o(.text)
    OTG_FS_WKUP_IRQHandler                   0x080001b7   Thumb Code     0  startup_stm32f405xx.o(.text)
    OTG_HS_EP1_IN_IRQHandler                 0x080001b7   Thumb Code     0  startup_stm32f405xx.o(.text)
    OTG_HS_EP1_OUT_IRQHandler                0x080001b7   Thumb Code     0  startup_stm32f405xx.o(.text)
    OTG_HS_IRQHandler                        0x080001b7   Thumb Code     0  startup_stm32f405xx.o(.text)
    OTG_HS_WKUP_IRQHandler                   0x080001b7   Thumb Code     0  startup_stm32f405xx.o(.text)
    PVD_IRQHandler                           0x080001b7   Thumb Code     0  startup_stm32f405xx.o(.text)
    RCC_IRQHandler                           0x080001b7   Thumb Code     0  startup_stm32f405xx.o(.text)
    RTC_Alarm_IRQHandler                     0x080001b7   Thumb Code     0  startup_stm32f405xx.o(.text)
    RTC_WKUP_IRQHandler                      0x080001b7   Thumb Code     0  startup_stm32f405xx.o(.text)
    SDIO_IRQHandler                          0x080001b7   Thumb Code     0  startup_stm32f405xx.o(.text)
    SPI1_IRQHandler                          0x080001b7   Thumb Code     0  startup_stm32f405xx.o(.text)
    SPI2_IRQHandler                          0x080001b7   Thumb Code     0  startup_stm32f405xx.o(.text)
    SPI3_IRQHandler                          0x080001b7   Thumb Code     0  startup_stm32f405xx.o(.text)
    TAMP_STAMP_IRQHandler                    0x080001b7   Thumb Code     0  startup_stm32f405xx.o(.text)
    TIM1_BRK_TIM9_IRQHandler                 0x080001b7   Thumb Code     0  startup_stm32f405xx.o(.text)
    TIM1_CC_IRQHandler                       0x080001b7   Thumb Code     0  startup_stm32f405xx.o(.text)
    TIM1_TRG_COM_TIM11_IRQHandler            0x080001b7   Thumb Code     0  startup_stm32f405xx.o(.text)
    TIM1_UP_TIM10_IRQHandler                 0x080001b7   Thumb Code     0  startup_stm32f405xx.o(.text)
    TIM2_IRQHandler                          0x080001b7   Thumb Code     0  startup_stm32f405xx.o(.text)
    TIM4_IRQHandler                          0x080001b7   Thumb Code     0  startup_stm32f405xx.o(.text)
    TIM5_IRQHandler                          0x080001b7   Thumb Code     0  startup_stm32f405xx.o(.text)
    TIM6_DAC_IRQHandler                      0x080001b7   Thumb Code     0  startup_stm32f405xx.o(.text)
    TIM7_IRQHandler                          0x080001b7   Thumb Code     0  startup_stm32f405xx.o(.text)
    TIM8_BRK_TIM12_IRQHandler                0x080001b7   Thumb Code     0  startup_stm32f405xx.o(.text)
    TIM8_CC_IRQHandler                       0x080001b7   Thumb Code     0  startup_stm32f405xx.o(.text)
    TIM8_UP_TIM13_IRQHandler                 0x080001b7   Thumb Code     0  startup_stm32f405xx.o(.text)
    UART4_IRQHandler                         0x080001b7   Thumb Code     0  startup_stm32f405xx.o(.text)
    UART5_IRQHandler                         0x080001b7   Thumb Code     0  startup_stm32f405xx.o(.text)
    USART1_IRQHandler                        0x080001b7   Thumb Code     0  startup_stm32f405xx.o(.text)
    USART3_IRQHandler                        0x080001b7   Thumb Code     0  startup_stm32f405xx.o(.text)
    USART6_IRQHandler                        0x080001b7   Thumb Code     0  startup_stm32f405xx.o(.text)
    WWDG_IRQHandler                          0x080001b7   Thumb Code     0  startup_stm32f405xx.o(.text)
    __aeabi_uldivmod                         0x080001c1   Thumb Code    98  uldiv.o(.text)
    llabs                                    0x08000223   Thumb Code    22  llabs.o(.text)
    __aeabi_memcpy                           0x08000239   Thumb Code    36  memcpya.o(.text)
    __aeabi_memcpy4                          0x08000239   Thumb Code     0  memcpya.o(.text)
    __aeabi_memcpy8                          0x08000239   Thumb Code     0  memcpya.o(.text)
    __aeabi_memset                           0x0800025d   Thumb Code    14  memseta.o(.text)
    __aeabi_memset4                          0x0800025d   Thumb Code     0  memseta.o(.text)
    __aeabi_memset8                          0x0800025d   Thumb Code     0  memseta.o(.text)
    __aeabi_memclr                           0x0800026b   Thumb Code     4  memseta.o(.text)
    __aeabi_memclr4                          0x0800026b   Thumb Code     0  memseta.o(.text)
    __aeabi_memclr8                          0x0800026b   Thumb Code     0  memseta.o(.text)
    _memset$wrapper                          0x0800026f   Thumb Code    18  memseta.o(.text)
    __aeabi_dadd                             0x08000281   Thumb Code   322  dadd.o(.text)
    __aeabi_dsub                             0x080003c3   Thumb Code     6  dadd.o(.text)
    __aeabi_drsub                            0x080003c9   Thumb Code     6  dadd.o(.text)
    __aeabi_dmul                             0x080003cf   Thumb Code   228  dmul.o(.text)
    __aeabi_ddiv                             0x080004b3   Thumb Code   222  ddiv.o(.text)
    __aeabi_l2f                              0x08000591   Thumb Code    44  ffltl.o(.text)
    __aeabi_i2d                              0x080005bd   Thumb Code    34  dflti.o(.text)
    __aeabi_ui2d                             0x080005df   Thumb Code    26  dfltui.o(.text)
    __aeabi_f2lz                             0x080005f9   Thumb Code    66  ffixl.o(.text)
    __aeabi_d2iz                             0x0800063b   Thumb Code    62  dfixi.o(.text)
    __aeabi_d2lz                             0x08000679   Thumb Code    74  dfixl.o(.text)
    __aeabi_f2d                              0x080006c3   Thumb Code    38  f2d.o(.text)
    __aeabi_d2f                              0x080006e9   Thumb Code    56  d2f.o(.text)
    __aeabi_uidiv                            0x08000721   Thumb Code     0  uidiv.o(.text)
    __aeabi_uidivmod                         0x08000721   Thumb Code    44  uidiv.o(.text)
    __aeabi_llsl                             0x0800074d   Thumb Code    30  llshl.o(.text)
    _ll_shift_l                              0x0800074d   Thumb Code     0  llshl.o(.text)
    __aeabi_llsr                             0x0800076b   Thumb Code    32  llushr.o(.text)
    _ll_ushift_r                             0x0800076b   Thumb Code     0  llushr.o(.text)
    __aeabi_lasr                             0x0800078b   Thumb Code    36  llsshr.o(.text)
    _ll_sshift_r                             0x0800078b   Thumb Code     0  llsshr.o(.text)
    __I$use$fp                               0x080007af   Thumb Code     0  iusefp.o(.text)
    _float_round                             0x080007af   Thumb Code    18  fepilogue.o(.text)
    _float_epilogue                          0x080007c1   Thumb Code    92  fepilogue.o(.text)
    _double_round                            0x0800081d   Thumb Code    30  depilogue.o(.text)
    _double_epilogue                         0x0800083b   Thumb Code   156  depilogue.o(.text)
    _dsqrt                                   0x080008d7   Thumb Code   162  dsqrt.o(.text)
    __aeabi_d2ulz                            0x08000979   Thumb Code    48  dfixul.o(.text)
    __aeabi_cdrcmple                         0x080009a9   Thumb Code    48  cdrcmple.o(.text)
    __scatterload                            0x080009d9   Thumb Code    28  init.o(.text)
    __scatterload_rt2                        0x080009d9   Thumb Code     0  init.o(.text)
    Adc1Read                                 0x08000b25   Thumb Code    78  adc.o(i.Adc1Read)
    Adc3Read                                 0x08000b79   Thumb Code    78  adc.o(i.Adc3Read)
    BoardEn                                  0x08000bcd   Thumb Code    22  protocol.o(i.BoardEn)
    BusFault_Handler                         0x08000be9   Thumb Code     2  stm32f4xx_it.o(i.BusFault_Handler)
    CAN1_RX0_IRQHandler                      0x08000bed   Thumb Code     6  stm32f4xx_it.o(i.CAN1_RX0_IRQHandler)
    CAN_User_Init                            0x08000bf9   Thumb Code    96  main.o(i.CAN_User_Init)
    CANx_SendNormalData                      0x08000c89   Thumb Code   136  main.o(i.CANx_SendNormalData)
    CalcSpeedPID                             0x08000d15   Thumb Code   240  motor.o(i.CalcSpeedPID)
    CalcSpeedTar                             0x08000e19   Thumb Code   222  motor.o(i.CalcSpeedTar)
    ChangeDebug                              0x08000f05   Thumb Code    74  protocol.o(i.ChangeDebug)
    ClearArr                                 0x08000f5d   Thumb Code    14  protocol.o(i.ClearArr)
    ClearFloatArr                            0x08000f6d   Thumb Code    18  main.o(i.ClearFloatArr)
    CounterPerSec2RPreMin                    0x08000f85   Thumb Code    18  motor.o(i.CounterPerSec2RPreMin)
    CtrlMotor                                0x08000fa1   Thumb Code   176  motor.o(i.CtrlMotor)
    DacAdcVlueFdbk                           0x08001065   Thumb Code   236  protocol.o(i.DacAdcVlueFdbk)
    DataCoverInt2Char                        0x08001165   Thumb Code    24  protocol.o(i.DataCoverInt2Char)
    DataLong2Char                            0x0800117d   Thumb Code    98  protocol.o(i.DataLong2Char)
    DebugMon_Handler                         0x080011e5   Thumb Code     2  stm32f4xx_it.o(i.DebugMon_Handler)
    EXTI4_IRQHandler                         0x080011e7   Thumb Code     6  stm32f4xx_it.o(i.EXTI4_IRQHandler)
    EXTI9_5_IRQHandler                       0x080011ed   Thumb Code    26  stm32f4xx_it.o(i.EXTI9_5_IRQHandler)
    EncoderClear                             0x08001209   Thumb Code    20  main.o(i.EncoderClear)
    EncoderFlow                              0x08001225   Thumb Code    48  tim_ctrl.o(i.EncoderFlow)
    EncoderPWMFdbk                           0x08001255   Thumb Code   254  protocol.o(i.EncoderPWMFdbk)
    EncoderUpdate                            0x08001369   Thumb Code    50  tim_ctrl.o(i.EncoderUpdate)
    Error_Handler                            0x0800139b   Thumb Code     2  main.o(i.Error_Handler)
    FLASH_Erase_Sector                       0x0800139d   Thumb Code    74  stm32f4xx_hal_flash_ex.o(i.FLASH_Erase_Sector)
    FLASH_FlushCaches                        0x080013ed   Thumb Code    80  stm32f4xx_hal_flash_ex.o(i.FLASH_FlushCaches)
    FLASH_WaitForLastOperation               0x08001561   Thumb Code    72  stm32f4xx_hal_flash.o(i.FLASH_WaitForLastOperation)
    FlashChange                              0x080015b1   Thumb Code   106  protocol.o(i.FlashChange)
    FlashFDBK                                0x08001631   Thumb Code   200  protocol.o(i.FlashFDBK)
    FlashInit                                0x08001705   Thumb Code    64  protocol.o(i.FlashInit)
    GetAdc1                                  0x08001759   Thumb Code   154  adc.o(i.GetAdc1)
    GetAdc3                                  0x080017f5   Thumb Code   154  adc.o(i.GetAdc3)
    GetCurrAdc                               0x0800188f   Thumb Code     6  adc.o(i.GetCurrAdc)
    GetID                                    0x08001895   Thumb Code    42  tim_ctrl.o(i.GetID)
    GetOutAdc                                0x080018c5   Thumb Code     6  adc.o(i.GetOutAdc)
    HAL_ADC_ConfigChannel                    0x080018cd   Thumb Code   316  stm32f4xx_hal_adc.o(i.HAL_ADC_ConfigChannel)
    HAL_ADC_GetValue                         0x08001a19   Thumb Code     6  stm32f4xx_hal_adc.o(i.HAL_ADC_GetValue)
    HAL_ADC_Init                             0x08001a1f   Thumb Code    84  stm32f4xx_hal_adc.o(i.HAL_ADC_Init)
    HAL_ADC_MspInit                          0x08001a75   Thumb Code   132  adc.o(i.HAL_ADC_MspInit)
    HAL_ADC_PollForConversion                0x08001b0d   Thumb Code   162  stm32f4xx_hal_adc.o(i.HAL_ADC_PollForConversion)
    HAL_ADC_Start                            0x08001bb1   Thumb Code   210  stm32f4xx_hal_adc.o(i.HAL_ADC_Start)
    HAL_CAN_ActivateNotification             0x08001c9d   Thumb Code    36  stm32f4xx_hal_can.o(i.HAL_CAN_ActivateNotification)
    HAL_CAN_AddTxMessage                     0x08001cc1   Thumb Code   200  stm32f4xx_hal_can.o(i.HAL_CAN_AddTxMessage)
    HAL_CAN_ConfigFilter                     0x08001d89   Thumb Code   262  stm32f4xx_hal_can.o(i.HAL_CAN_ConfigFilter)
    HAL_CAN_ErrorCallback                    0x08001e95   Thumb Code     2  stm32f4xx_hal_can.o(i.HAL_CAN_ErrorCallback)
    HAL_CAN_GetRxMessage                     0x08001e97   Thumb Code   232  stm32f4xx_hal_can.o(i.HAL_CAN_GetRxMessage)
    HAL_CAN_GetTxMailboxesFreeLevel          0x08001f7f   Thumb Code    44  stm32f4xx_hal_can.o(i.HAL_CAN_GetTxMailboxesFreeLevel)
    HAL_CAN_IRQHandler                       0x08001fab   Thumb Code   508  stm32f4xx_hal_can.o(i.HAL_CAN_IRQHandler)
    HAL_CAN_Init                             0x080021a7   Thumb Code   282  stm32f4xx_hal_can.o(i.HAL_CAN_Init)
    HAL_CAN_MspInit                          0x080022c1   Thumb Code   110  can.o(i.HAL_CAN_MspInit)
    HAL_CAN_RxFifo0FullCallback              0x0800233d   Thumb Code     2  stm32f4xx_hal_can.o(i.HAL_CAN_RxFifo0FullCallback)
    HAL_CAN_RxFifo0MsgPendingCallback        0x08002341   Thumb Code    44  main.o(i.HAL_CAN_RxFifo0MsgPendingCallback)
    HAL_CAN_RxFifo1FullCallback              0x08002379   Thumb Code     2  stm32f4xx_hal_can.o(i.HAL_CAN_RxFifo1FullCallback)
    HAL_CAN_RxFifo1MsgPendingCallback        0x0800237b   Thumb Code     2  stm32f4xx_hal_can.o(i.HAL_CAN_RxFifo1MsgPendingCallback)
    HAL_CAN_SleepCallback                    0x0800237d   Thumb Code     2  stm32f4xx_hal_can.o(i.HAL_CAN_SleepCallback)
    HAL_CAN_Start                            0x08002381   Thumb Code    88  stm32f4xx_hal_can.o(i.HAL_CAN_Start)
    HAL_CAN_TxMailbox0AbortCallback          0x080023d9   Thumb Code     2  stm32f4xx_hal_can.o(i.HAL_CAN_TxMailbox0AbortCallback)
    HAL_CAN_TxMailbox0CompleteCallback       0x080023db   Thumb Code     2  stm32f4xx_hal_can.o(i.HAL_CAN_TxMailbox0CompleteCallback)
    HAL_CAN_TxMailbox1AbortCallback          0x080023dd   Thumb Code     2  stm32f4xx_hal_can.o(i.HAL_CAN_TxMailbox1AbortCallback)
    HAL_CAN_TxMailbox1CompleteCallback       0x080023df   Thumb Code     2  stm32f4xx_hal_can.o(i.HAL_CAN_TxMailbox1CompleteCallback)
    HAL_CAN_TxMailbox2AbortCallback          0x080023e1   Thumb Code     2  stm32f4xx_hal_can.o(i.HAL_CAN_TxMailbox2AbortCallback)
    HAL_CAN_TxMailbox2CompleteCallback       0x080023e3   Thumb Code     2  stm32f4xx_hal_can.o(i.HAL_CAN_TxMailbox2CompleteCallback)
    HAL_CAN_WakeUpFromRxMsgCallback          0x080023e5   Thumb Code     2  stm32f4xx_hal_can.o(i.HAL_CAN_WakeUpFromRxMsgCallback)
    HAL_DAC_ConfigChannel                    0x080023e7   Thumb Code    66  stm32f4xx_hal_dac.o(i.HAL_DAC_ConfigChannel)
    HAL_DAC_GetValue                         0x08002429   Thumb Code    12  stm32f4xx_hal_dac.o(i.HAL_DAC_GetValue)
    HAL_DAC_Init                             0x08002435   Thumb Code    40  stm32f4xx_hal_dac.o(i.HAL_DAC_Init)
    HAL_DAC_MspInit                          0x0800245d   Thumb Code    84  dac.o(i.HAL_DAC_MspInit)
    HAL_DAC_SetValue                         0x080024bd   Thumb Code    26  stm32f4xx_hal_dac.o(i.HAL_DAC_SetValue)
    HAL_DAC_Start                            0x080024d7   Thumb Code   108  stm32f4xx_hal_dac.o(i.HAL_DAC_Start)
    HAL_DMA_Abort_IT                         0x08002543   Thumb Code    36  stm32f4xx_hal_dma.o(i.HAL_DMA_Abort_IT)
    HAL_Delay                                0x08002569   Thumb Code    32  stm32f4xx_hal.o(i.HAL_Delay)
    HAL_FLASHEx_Erase                        0x0800258d   Thumb Code   144  stm32f4xx_hal_flash_ex.o(i.HAL_FLASHEx_Erase)
    HAL_FLASH_Lock                           0x08002625   Thumb Code    14  stm32f4xx_hal_flash.o(i.HAL_FLASH_Lock)
    HAL_FLASH_Program                        0x08002639   Thumb Code   116  stm32f4xx_hal_flash.o(i.HAL_FLASH_Program)
    HAL_FLASH_Unlock                         0x080026b5   Thumb Code    32  stm32f4xx_hal_flash.o(i.HAL_FLASH_Unlock)
    HAL_GPIO_EXTI_Callback                   0x080026e1   Thumb Code    14  tim_ctrl.o(i.HAL_GPIO_EXTI_Callback)
    HAL_GPIO_EXTI_IRQHandler                 0x080026f5   Thumb Code    18  stm32f4xx_hal_gpio.o(i.HAL_GPIO_EXTI_IRQHandler)
    HAL_GPIO_Init                            0x0800270d   Thumb Code   388  stm32f4xx_hal_gpio.o(i.HAL_GPIO_Init)
    HAL_GPIO_ReadPin                         0x080028bd   Thumb Code    10  stm32f4xx_hal_gpio.o(i.HAL_GPIO_ReadPin)
    HAL_GPIO_TogglePin                       0x080028c7   Thumb Code    14  stm32f4xx_hal_gpio.o(i.HAL_GPIO_TogglePin)
    HAL_GPIO_WritePin                        0x080028d5   Thumb Code    10  stm32f4xx_hal_gpio.o(i.HAL_GPIO_WritePin)
    HAL_GetTick                              0x080028e1   Thumb Code     6  stm32f4xx_hal.o(i.HAL_GetTick)
    HAL_IncTick                              0x080028ed   Thumb Code    12  stm32f4xx_hal.o(i.HAL_IncTick)
    HAL_Init                                 0x080028fd   Thumb Code    48  stm32f4xx_hal.o(i.HAL_Init)
    HAL_InitTick                             0x08002931   Thumb Code    54  stm32f4xx_hal.o(i.HAL_InitTick)
    HAL_MspInit                              0x08002971   Thumb Code    48  stm32f4xx_hal_msp.o(i.HAL_MspInit)
    HAL_NVIC_EnableIRQ                       0x080029a5   Thumb Code    26  stm32f4xx_hal_cortex.o(i.HAL_NVIC_EnableIRQ)
    HAL_NVIC_SetPriority                     0x080029c1   Thumb Code    60  stm32f4xx_hal_cortex.o(i.HAL_NVIC_SetPriority)
    HAL_NVIC_SetPriorityGrouping             0x08002a01   Thumb Code    26  stm32f4xx_hal_cortex.o(i.HAL_NVIC_SetPriorityGrouping)
    HAL_RCC_ClockConfig                      0x08002a25   Thumb Code   286  stm32f4xx_hal_rcc.o(i.HAL_RCC_ClockConfig)
    HAL_RCC_GetPCLK1Freq                     0x08002b55   Thumb Code    20  stm32f4xx_hal_rcc.o(i.HAL_RCC_GetPCLK1Freq)
    HAL_RCC_GetPCLK2Freq                     0x08002b75   Thumb Code    20  stm32f4xx_hal_rcc.o(i.HAL_RCC_GetPCLK2Freq)
    HAL_RCC_GetSysClockFreq                  0x08002b95   Thumb Code    88  stm32f4xx_hal_rcc.o(i.HAL_RCC_GetSysClockFreq)
    HAL_RCC_OscConfig                        0x08002bf5   Thumb Code   770  stm32f4xx_hal_rcc.o(i.HAL_RCC_OscConfig)
    HAL_SYSTICK_Config                       0x08002f11   Thumb Code    40  stm32f4xx_hal_cortex.o(i.HAL_SYSTICK_Config)
    HAL_TIMEx_BreakCallback                  0x08002f39   Thumb Code     2  stm32f4xx_hal_tim_ex.o(i.HAL_TIMEx_BreakCallback)
    HAL_TIMEx_CommutCallback                 0x08002f3b   Thumb Code     2  stm32f4xx_hal_tim_ex.o(i.HAL_TIMEx_CommutCallback)
    HAL_TIMEx_ConfigBreakDeadTime            0x08002f3d   Thumb Code    84  stm32f4xx_hal_tim_ex.o(i.HAL_TIMEx_ConfigBreakDeadTime)
    HAL_TIMEx_MasterConfigSynchronization    0x08002f91   Thumb Code    66  stm32f4xx_hal_tim_ex.o(i.HAL_TIMEx_MasterConfigSynchronization)
    HAL_TIM_Base_Init                        0x08002fd3   Thumb Code    54  stm32f4xx_hal_tim.o(i.HAL_TIM_Base_Init)
    HAL_TIM_Base_MspInit                     0x08003009   Thumb Code    50  tim.o(i.HAL_TIM_Base_MspInit)
    HAL_TIM_Base_Start_IT                    0x08003045   Thumb Code    34  stm32f4xx_hal_tim.o(i.HAL_TIM_Base_Start_IT)
    HAL_TIM_Encoder_Init                     0x08003067   Thumb Code   152  stm32f4xx_hal_tim.o(i.HAL_TIM_Encoder_Init)
    HAL_TIM_Encoder_MspInit                  0x08003101   Thumb Code   104  tim.o(i.HAL_TIM_Encoder_MspInit)
    HAL_TIM_IC_CaptureCallback               0x08003175   Thumb Code     2  stm32f4xx_hal_tim.o(i.HAL_TIM_IC_CaptureCallback)
    HAL_TIM_IRQHandler                       0x08003177   Thumb Code   358  stm32f4xx_hal_tim.o(i.HAL_TIM_IRQHandler)
    HAL_TIM_MspPostInit                      0x080032dd   Thumb Code    72  tim.o(i.HAL_TIM_MspPostInit)
    HAL_TIM_OC_DelayElapsedCallback          0x08003331   Thumb Code     2  stm32f4xx_hal_tim.o(i.HAL_TIM_OC_DelayElapsedCallback)
    HAL_TIM_PWM_ConfigChannel                0x08003333   Thumb Code   208  stm32f4xx_hal_tim.o(i.HAL_TIM_PWM_ConfigChannel)
    HAL_TIM_PWM_Init                         0x08003403   Thumb Code    54  stm32f4xx_hal_tim.o(i.HAL_TIM_PWM_Init)
    HAL_TIM_PWM_MspInit                      0x08003439   Thumb Code    30  tim.o(i.HAL_TIM_PWM_MspInit)
    HAL_TIM_PWM_PulseFinishedCallback        0x08003461   Thumb Code     2  stm32f4xx_hal_tim.o(i.HAL_TIM_PWM_PulseFinishedCallback)
    HAL_TIM_PWM_Start                        0x08003465   Thumb Code    58  stm32f4xx_hal_tim.o(i.HAL_TIM_PWM_Start)
    HAL_TIM_PeriodElapsedCallback            0x080034a9   Thumb Code   200  tim_ctrl.o(i.HAL_TIM_PeriodElapsedCallback)
    HAL_TIM_TriggerCallback                  0x0800358d   Thumb Code     2  stm32f4xx_hal_tim.o(i.HAL_TIM_TriggerCallback)
    HAL_UART_ErrorCallback                   0x0800358f   Thumb Code     2  stm32f4xx_hal_uart.o(i.HAL_UART_ErrorCallback)
    HAL_UART_IRQHandler                      0x08003591   Thumb Code   266  stm32f4xx_hal_uart.o(i.HAL_UART_IRQHandler)
    HAL_UART_Init                            0x080036a1   Thumb Code    98  stm32f4xx_hal_uart.o(i.HAL_UART_Init)
    HAL_UART_MspInit                         0x08003705   Thumb Code   108  usart.o(i.HAL_UART_MspInit)
    HAL_UART_Receive_IT                      0x0800377d   Thumb Code    82  stm32f4xx_hal_uart.o(i.HAL_UART_Receive_IT)
    HAL_UART_RxCpltCallback                  0x080037d1   Thumb Code    32  usart.o(i.HAL_UART_RxCpltCallback)
    HAL_UART_Transmit                        0x080037f9   Thumb Code   186  stm32f4xx_hal_uart.o(i.HAL_UART_Transmit)
    HAL_UART_TxCpltCallback                  0x080038b3   Thumb Code     2  stm32f4xx_hal_uart.o(i.HAL_UART_TxCpltCallback)
    HardFault_Handler                        0x080038b5   Thumb Code     2  stm32f4xx_it.o(i.HardFault_Handler)
    MX_ADC1_Init                             0x080038b9   Thumb Code   112  adc.o(i.MX_ADC1_Init)
    MX_ADC3_Init                             0x08003935   Thumb Code   108  adc.o(i.MX_ADC3_Init)
    MX_CAN1_Init                             0x080039ad   Thumb Code    60  can.o(i.MX_CAN1_Init)
    MX_DAC_Init                              0x080039f1   Thumb Code    50  dac.o(i.MX_DAC_Init)
    MX_GPIO_Init                             0x08003a2d   Thumb Code   230  gpio.o(i.MX_GPIO_Init)
    MX_TIM14_Init                            0x08003b29   Thumb Code    44  tim.o(i.MX_TIM14_Init)
    MX_TIM1_Init                             0x08003b5d   Thumb Code   168  tim.o(i.MX_TIM1_Init)
    MX_TIM3_Init                             0x08003c0d   Thumb Code   100  tim.o(i.MX_TIM3_Init)
    MX_USART2_UART_Init                      0x08003c79   Thumb Code    48  usart.o(i.MX_USART2_UART_Init)
    MemManage_Handler                        0x08003cb1   Thumb Code     2  stm32f4xx_it.o(i.MemManage_Handler)
    MotorDataFdbk                            0x08003cb3   Thumb Code    38  protocol.o(i.MotorDataFdbk)
    MotorState                               0x08003cd9   Thumb Code   374  tim_ctrl.o(i.MotorState)
    NMI_Handler                              0x08003e6d   Thumb Code     2  stm32f4xx_it.o(i.NMI_Handler)
    ParaInit                                 0x08003e71   Thumb Code    48  main.o(i.ParaInit)
    PendSV_Handler                           0x08003ea9   Thumb Code     2  stm32f4xx_it.o(i.PendSV_Handler)
    PlanTraj                                 0x08003ead   Thumb Code  1416  motor.o(i.PlanTraj)
    ProtocAnalsis                            0x08004435   Thumb Code   624  com.o(i.ProtocAnalsis)
    RPreMin2CounterPerSec                    0x080046c1   Thumb Code    34  motor.o(i.RPreMin2CounterPerSec)
    STMFLASH_Write                           0x080046f1   Thumb Code    70  stmflash.o(i.STMFLASH_Write)
    SVC_Handler                              0x08004737   Thumb Code     2  stm32f4xx_it.o(i.SVC_Handler)
    SetMotorPWM                              0x08004739   Thumb Code   170  motor.o(i.SetMotorPWM)
    StartUp                                  0x080047fd   Thumb Code   124  main.o(i.StartUp)
    SysTick_Handler                          0x080048a5   Thumb Code     4  stm32f4xx_it.o(i.SysTick_Handler)
    SystemClock_Config                       0x080048a9   Thumb Code   124  main.o(i.SystemClock_Config)
    SystemInit                               0x0800492d   Thumb Code    66  system_stm32f4xx.o(i.SystemInit)
    TIM3_IRQHandler                          0x08004981   Thumb Code     6  stm32f4xx_it.o(i.TIM3_IRQHandler)
    TIM8_TRG_COM_TIM14_IRQHandler            0x0800498d   Thumb Code     6  stm32f4xx_it.o(i.TIM8_TRG_COM_TIM14_IRQHandler)
    TIM_Base_SetConfig                       0x08004999   Thumb Code   156  stm32f4xx_hal_tim.o(i.TIM_Base_SetConfig)
    TIM_CCxChannelCmd                        0x08004a61   Thumb Code    26  stm32f4xx_hal_tim.o(i.TIM_CCxChannelCmd)
    TIM_OC2_SetConfig                        0x08004add   Thumb Code    98  stm32f4xx_hal_tim.o(i.TIM_OC2_SetConfig)
    USART2Interrupt                          0x08005039   Thumb Code   118  com.o(i.USART2Interrupt)
    USART2_IRQHandler                        0x080050bd   Thumb Code     6  stm32f4xx_it.o(i.USART2_IRQHandler)
    UartSendData                             0x080050c9   Thumb Code   102  com.o(i.UartSendData)
    UsageFault_Handler                       0x0800513d   Thumb Code     2  stm32f4xx_it.o(i.UsageFault_Handler)
    __0printf                                0x08005141   Thumb Code    22  printfa.o(i.__0printf)
    __1printf                                0x08005141   Thumb Code     0  printfa.o(i.__0printf)
    __2printf                                0x08005141   Thumb Code     0  printfa.o(i.__0printf)
    __c89printf                              0x08005141   Thumb Code     0  printfa.o(i.__0printf)
    printf                                   0x08005141   Thumb Code     0  printfa.o(i.__0printf)
    __hardfp_sqrt                            0x08005181   Thumb Code   122  sqrt.o(i.__hardfp_sqrt)
    __scatterload_copy                       0x080051fb   Thumb Code    14  handlers.o(i.__scatterload_copy)
    __scatterload_null                       0x08005209   Thumb Code     2  handlers.o(i.__scatterload_null)
    __scatterload_zeroinit                   0x0800520b   Thumb Code    14  handlers.o(i.__scatterload_zeroinit)
    __set_errno                              0x08005219   Thumb Code     6  errno.o(i.__set_errno)
    fputc                                    0x08005ad9   Thumb Code    20  usart.o(i.fputc)
    main                                     0x08005af1   Thumb Code   212  main.o(i.main)
    setFullPWM                               0x08005c49   Thumb Code    12  motor.o(i.setFullPWM)
    setPWMAitClockwise                       0x08005c59   Thumb Code    40  motor.o(i.setPWMAitClockwise)
    setPWMClockwise                          0x08005c89   Thumb Code    40  motor.o(i.setPWMClockwise)
    setZeroPWM                               0x08005cb9   Thumb Code    14  motor.o(i.setZeroPWM)
    AHBPrescTable                            0x08005d30   Data          16  system_stm32f4xx.o(.constdata)
    APBPrescTable                            0x08005d40   Data           8  system_stm32f4xx.o(.constdata)
    Region$$Table$$Base                      0x08005d48   Number         0  anon$$obj.o(Region$$Table)
    Region$$Table$$Limit                     0x08005d68   Number         0  anon$$obj.o(Region$$Table)
    gPosTar                                  0x20000000   Data           8  main.o(.data)
    FLASH_Address                            0x20000008   Data           4  main.o(.data)
    FLASH_Init                               0x2000000c   Data          96  main.o(.data)
    recvData                                 0x2000006c   Data          20  main.o(.data)
    PageError                                0x20000080   Data           4  main.o(.data)
    gErrorStatus                             0x20000084   Data           4  main.o(.data)
    outAdcData                               0x20000088   Data           8  adc.o(.data)
    currAdcData                              0x20000090   Data           8  adc.o(.data)
    gUsartFlag                               0x20000098   Data           1  usart.o(.data)
    RXBuffer                                 0x20000099   Data           1  usart.o(.data)
    uwTickFreq                               0x2000009c   Data           1  stm32f4xx_hal.o(.data)
    uwTickPrio                               0x200000a0   Data           4  stm32f4xx_hal.o(.data)
    uwTick                                   0x200000a4   Data           4  stm32f4xx_hal.o(.data)
    SystemCoreClock                          0x200000a8   Data           4  system_stm32f4xx.o(.data)
    debugFLAG                                0x200000ac   Data           1  tim_ctrl.o(.data)
    dataRecordFlag                           0x200000ad   Data           1  tim_ctrl.o(.data)
    IRQ_Counter                              0x200000b0   Data           4  tim_ctrl.o(.data)
    debugNum                                 0x200000b4   Data           4  tim_ctrl.o(.data)
    PreFlag                                  0x200000d2   Data           1  com.o(.data)
    PreSpeed                                 0x200000d4   Data           4  com.o(.data)
    PrePos                                   0x200000e0   Data           8  com.o(.data)
    __stdout                                 0x200000e8   Data           4  stdout.o(.data)
    FLASH_Store                              0x200000f0   Data          96  main.o(.bss)
    TxMeg                                    0x20000150   Data          24  main.o(.bss)
    RxMeg                                    0x20000168   Data          28  main.o(.bss)
    tempValue                                0x20000184   Data          40  adc.o(.bss)
    hadc1                                    0x200001ac   Data          72  adc.o(.bss)
    hadc3                                    0x200001f4   Data          72  adc.o(.bss)
    hcan1                                    0x2000023c   Data          40  can.o(.bss)
    hdac                                     0x20000264   Data          20  dac.o(.bss)
    htim1                                    0x20000278   Data          64  tim.o(.bss)
    htim3                                    0x200002b8   Data          64  tim.o(.bss)
    htim14                                   0x200002f8   Data          64  tim.o(.bss)
    huart2                                   0x20000338   Data          64  usart.o(.bss)
    pFlash                                   0x20000378   Data          32  stm32f4xx_hal_flash.o(.bss)
    tempVal                                  0x20000398   Data          40  tim_ctrl.o(.bss)
    debugData1                               0x200003c0   Data        8000  tim_ctrl.o(.bss)
    debugData2                               0x20002300   Data        8000  tim_ctrl.o(.bss)
    M1                                       0x20004240   Data         208  tim_ctrl.o(.bss)
    debugVar                                 0x20004310   Data          16  tim_ctrl.o(.bss)
    tempChar                                 0x20004320   Data          10  motor.o(.bss)
    tempLL                                   0x20004330   Data          80  motor.o(.bss)
    M1Ctrl                                   0x200043c0   Data          96  motor.o(.bss)
    UartFeedBackData                         0x20004420   Data          16  protocol.o(.bss)
    UartRxData                               0x20004444   Data           9  com.o(.bss)
    UartRxData_2                             0x2000444d   Data           9  com.o(.bss)
    __initial_sp                             0x20005458   Data           0  startup_stm32f405xx.o(STACK)



==============================================================================

Memory Map of the image

  Image Entry point : 0x08000189

  Load Region LR_IROM1 (Base: 0x08000000, Size: 0x00005e58, Max: 0x00100000, ABSOLUTE)

    Execution Region ER_IROM1 (Exec base: 0x08000000, Load base: 0x08000000, Size: 0x00005d68, Max: 0x00100000, ABSOLUTE)

    Exec Addr    Load Addr    Size         Type   Attr      Idx    E Section Name        Object

    0x08000000   0x08000000   0x00000188   Data   RO            3    RESET               startup_stm32f405xx.o
    0x08000188   0x08000188   0x00000000   Code   RO         4248  * .ARM.Collect$$$$00000000  mc_w.l(entry.o)
    0x08000188   0x08000188   0x00000004   Code   RO         4546    .ARM.Collect$$$$00000001  mc_w.l(entry2.o)
    0x0800018c   0x0800018c   0x00000004   Code   RO         4549    .ARM.Collect$$$$00000004  mc_w.l(entry5.o)
    0x08000190   0x08000190   0x00000000   Code   RO         4551    .ARM.Collect$$$$00000008  mc_w.l(entry7b.o)
    0x08000190   0x08000190   0x00000000   Code   RO         4553    .ARM.Collect$$$$0000000A  mc_w.l(entry8b.o)
    0x08000190   0x08000190   0x00000008   Code   RO         4554    .ARM.Collect$$$$0000000B  mc_w.l(entry9a.o)
    0x08000198   0x08000198   0x00000000   Code   RO         4556    .ARM.Collect$$$$0000000D  mc_w.l(entry10a.o)
    0x08000198   0x08000198   0x00000000   Code   RO         4558    .ARM.Collect$$$$0000000F  mc_w.l(entry11a.o)
    0x08000198   0x08000198   0x00000004   Code   RO         4547    .ARM.Collect$$$$00002712  mc_w.l(entry2.o)
    0x0800019c   0x0800019c   0x00000024   Code   RO            4    .text               startup_stm32f405xx.o
    0x080001c0   0x080001c0   0x00000062   Code   RO         4251    .text               mc_w.l(uldiv.o)
    0x08000222   0x08000222   0x00000016   Code   RO         4253    .text               mc_w.l(llabs.o)
    0x08000238   0x08000238   0x00000024   Code   RO         4257    .text               mc_w.l(memcpya.o)
    0x0800025c   0x0800025c   0x00000024   Code   RO         4259    .text               mc_w.l(memseta.o)
    0x08000280   0x08000280   0x0000014e   Code   RO         4524    .text               mf_w.l(dadd.o)
    0x080003ce   0x080003ce   0x000000e4   Code   RO         4526    .text               mf_w.l(dmul.o)
    0x080004b2   0x080004b2   0x000000de   Code   RO         4528    .text               mf_w.l(ddiv.o)
    0x08000590   0x08000590   0x0000002c   Code   RO         4530    .text               mf_w.l(ffltl.o)
    0x080005bc   0x080005bc   0x00000022   Code   RO         4532    .text               mf_w.l(dflti.o)
    0x080005de   0x080005de   0x0000001a   Code   RO         4534    .text               mf_w.l(dfltui.o)
    0x080005f8   0x080005f8   0x00000042   Code   RO         4536    .text               mf_w.l(ffixl.o)
    0x0800063a   0x0800063a   0x0000003e   Code   RO         4538    .text               mf_w.l(dfixi.o)
    0x08000678   0x08000678   0x0000004a   Code   RO         4540    .text               mf_w.l(dfixl.o)
    0x080006c2   0x080006c2   0x00000026   Code   RO         4542    .text               mf_w.l(f2d.o)
    0x080006e8   0x080006e8   0x00000038   Code   RO         4544    .text               mf_w.l(d2f.o)
    0x08000720   0x08000720   0x0000002c   Code   RO         4561    .text               mc_w.l(uidiv.o)
    0x0800074c   0x0800074c   0x0000001e   Code   RO         4563    .text               mc_w.l(llshl.o)
    0x0800076a   0x0800076a   0x00000020   Code   RO         4565    .text               mc_w.l(llushr.o)
    0x0800078a   0x0800078a   0x00000024   Code   RO         4567    .text               mc_w.l(llsshr.o)
    0x080007ae   0x080007ae   0x00000000   Code   RO         4576    .text               mc_w.l(iusefp.o)
    0x080007ae   0x080007ae   0x0000006e   Code   RO         4577    .text               mf_w.l(fepilogue.o)
    0x0800081c   0x0800081c   0x000000ba   Code   RO         4579    .text               mf_w.l(depilogue.o)
    0x080008d6   0x080008d6   0x000000a2   Code   RO         4581    .text               mf_w.l(dsqrt.o)
    0x08000978   0x08000978   0x00000030   Code   RO         4583    .text               mf_w.l(dfixul.o)
    0x080009a8   0x080009a8   0x00000030   Code   RO         4587    .text               mf_w.l(cdrcmple.o)
    0x080009d8   0x080009d8   0x00000024   Code   RO         4589    .text               mc_w.l(init.o)
    0x080009fc   0x080009fc   0x00000128   Code   RO          728    i.ADC_Init          stm32f4xx_hal_adc.o
    0x08000b24   0x08000b24   0x00000054   Code   RO          280    i.Adc1Read          adc.o
    0x08000b78   0x08000b78   0x00000054   Code   RO          281    i.Adc3Read          adc.o
    0x08000bcc   0x08000bcc   0x0000001c   Code   RO         4070    i.BoardEn           protocol.o
    0x08000be8   0x08000be8   0x00000002   Code   RO          590    i.BusFault_Handler  stm32f4xx_it.o
    0x08000bea   0x08000bea   0x00000002   PAD
    0x08000bec   0x08000bec   0x0000000c   Code   RO          591    i.CAN1_RX0_IRQHandler  stm32f4xx_it.o
    0x08000bf8   0x08000bf8   0x00000090   Code   RO           13    i.CAN_User_Init     main.o
    0x08000c88   0x08000c88   0x0000008c   Code   RO           14    i.CANx_SendNormalData  main.o
    0x08000d14   0x08000d14   0x00000104   Code   RO         3970    i.CalcSpeedPID      motor.o
    0x08000e18   0x08000e18   0x000000ec   Code   RO         3971    i.CalcSpeedTar      motor.o
    0x08000f04   0x08000f04   0x00000058   Code   RO         4071    i.ChangeDebug       protocol.o
    0x08000f5c   0x08000f5c   0x0000000e   Code   RO         4072    i.ClearArr          protocol.o
    0x08000f6a   0x08000f6a   0x00000002   PAD
    0x08000f6c   0x08000f6c   0x00000018   Code   RO           15    i.ClearFloatArr     main.o
    0x08000f84   0x08000f84   0x0000001c   Code   RO         3972    i.CounterPerSec2RPreMin  motor.o
    0x08000fa0   0x08000fa0   0x000000c4   Code   RO         3973    i.CtrlMotor         motor.o
    0x08001064   0x08001064   0x00000100   Code   RO         4073    i.DacAdcVlueFdbk    protocol.o
    0x08001164   0x08001164   0x00000018   Code   RO         4074    i.DataCoverInt2Char  protocol.o
    0x0800117c   0x0800117c   0x00000068   Code   RO         4075    i.DataLong2Char     protocol.o
    0x080011e4   0x080011e4   0x00000002   Code   RO          592    i.DebugMon_Handler  stm32f4xx_it.o
    0x080011e6   0x080011e6   0x00000006   Code   RO          593    i.EXTI4_IRQHandler  stm32f4xx_it.o
    0x080011ec   0x080011ec   0x0000001a   Code   RO          594    i.EXTI9_5_IRQHandler  stm32f4xx_it.o
    0x08001206   0x08001206   0x00000002   PAD
    0x08001208   0x08001208   0x0000001c   Code   RO           16    i.EncoderClear      main.o
    0x08001224   0x08001224   0x00000030   Code   RO         3881    i.EncoderFlow       tim_ctrl.o
    0x08001254   0x08001254   0x00000114   Code   RO         4076    i.EncoderPWMFdbk    protocol.o
    0x08001368   0x08001368   0x00000032   Code   RO         3882    i.EncoderUpdate     tim_ctrl.o
    0x0800139a   0x0800139a   0x00000002   Code   RO           17    i.Error_Handler     main.o
    0x0800139c   0x0800139c   0x00000050   Code   RO         2987    i.FLASH_Erase_Sector  stm32f4xx_hal_flash_ex.o
    0x080013ec   0x080013ec   0x00000054   Code   RO         2988    i.FLASH_FlushCaches  stm32f4xx_hal_flash_ex.o
    0x08001440   0x08001440   0x00000028   Code   RO         2989    i.FLASH_MassErase   stm32f4xx_hal_flash_ex.o
    0x08001468   0x08001468   0x00000020   Code   RO         2869    i.FLASH_Program_Byte  stm32f4xx_hal_flash.o
    0x08001488   0x08001488   0x00000028   Code   RO         2870    i.FLASH_Program_DoubleWord  stm32f4xx_hal_flash.o
    0x080014b0   0x080014b0   0x00000024   Code   RO         2871    i.FLASH_Program_HalfWord  stm32f4xx_hal_flash.o
    0x080014d4   0x080014d4   0x00000024   Code   RO         2872    i.FLASH_Program_Word  stm32f4xx_hal_flash.o
    0x080014f8   0x080014f8   0x00000068   Code   RO         2873    i.FLASH_SetErrorCode  stm32f4xx_hal_flash.o
    0x08001560   0x08001560   0x00000050   Code   RO         2874    i.FLASH_WaitForLastOperation  stm32f4xx_hal_flash.o
    0x080015b0   0x080015b0   0x00000080   Code   RO         4077    i.FlashChange       protocol.o
    0x08001630   0x08001630   0x000000d4   Code   RO         4078    i.FlashFDBK         protocol.o
    0x08001704   0x08001704   0x00000054   Code   RO         4079    i.FlashInit         protocol.o
    0x08001758   0x08001758   0x0000009a   Code   RO          282    i.GetAdc1           adc.o
    0x080017f2   0x080017f2   0x00000002   PAD
    0x080017f4   0x080017f4   0x0000009a   Code   RO          283    i.GetAdc3           adc.o
    0x0800188e   0x0800188e   0x00000006   Code   RO          284    i.GetCurrAdc        adc.o
    0x08001894   0x08001894   0x00000030   Code   RO         3883    i.GetID             tim_ctrl.o
    0x080018c4   0x080018c4   0x00000006   Code   RO          285    i.GetOutAdc         adc.o
    0x080018ca   0x080018ca   0x00000002   PAD
    0x080018cc   0x080018cc   0x0000014c   Code   RO          730    i.HAL_ADC_ConfigChannel  stm32f4xx_hal_adc.o
    0x08001a18   0x08001a18   0x00000006   Code   RO          737    i.HAL_ADC_GetValue  stm32f4xx_hal_adc.o
    0x08001a1e   0x08001a1e   0x00000054   Code   RO          739    i.HAL_ADC_Init      stm32f4xx_hal_adc.o
    0x08001a72   0x08001a72   0x00000002   PAD
    0x08001a74   0x08001a74   0x00000098   Code   RO          287    i.HAL_ADC_MspInit   adc.o
    0x08001b0c   0x08001b0c   0x000000a2   Code   RO          743    i.HAL_ADC_PollForConversion  stm32f4xx_hal_adc.o
    0x08001bae   0x08001bae   0x00000002   PAD
    0x08001bb0   0x08001bb0   0x000000ec   Code   RO          745    i.HAL_ADC_Start     stm32f4xx_hal_adc.o
    0x08001c9c   0x08001c9c   0x00000024   Code   RO         1001    i.HAL_CAN_ActivateNotification  stm32f4xx_hal_can.o
    0x08001cc0   0x08001cc0   0x000000c8   Code   RO         1002    i.HAL_CAN_AddTxMessage  stm32f4xx_hal_can.o
    0x08001d88   0x08001d88   0x0000010c   Code   RO         1003    i.HAL_CAN_ConfigFilter  stm32f4xx_hal_can.o
    0x08001e94   0x08001e94   0x00000002   Code   RO         1006    i.HAL_CAN_ErrorCallback  stm32f4xx_hal_can.o
    0x08001e96   0x08001e96   0x000000e8   Code   RO         1009    i.HAL_CAN_GetRxMessage  stm32f4xx_hal_can.o
    0x08001f7e   0x08001f7e   0x0000002c   Code   RO         1011    i.HAL_CAN_GetTxMailboxesFreeLevel  stm32f4xx_hal_can.o
    0x08001faa   0x08001faa   0x000001fc   Code   RO         1013    i.HAL_CAN_IRQHandler  stm32f4xx_hal_can.o
    0x080021a6   0x080021a6   0x0000011a   Code   RO         1014    i.HAL_CAN_Init      stm32f4xx_hal_can.o
    0x080022c0   0x080022c0   0x0000007c   Code   RO          367    i.HAL_CAN_MspInit   can.o
    0x0800233c   0x0800233c   0x00000002   Code   RO         1021    i.HAL_CAN_RxFifo0FullCallback  stm32f4xx_hal_can.o
    0x0800233e   0x0800233e   0x00000002   PAD
    0x08002340   0x08002340   0x00000038   Code   RO           18    i.HAL_CAN_RxFifo0MsgPendingCallback  main.o
    0x08002378   0x08002378   0x00000002   Code   RO         1023    i.HAL_CAN_RxFifo1FullCallback  stm32f4xx_hal_can.o
    0x0800237a   0x0800237a   0x00000002   Code   RO         1024    i.HAL_CAN_RxFifo1MsgPendingCallback  stm32f4xx_hal_can.o
    0x0800237c   0x0800237c   0x00000002   Code   RO         1025    i.HAL_CAN_SleepCallback  stm32f4xx_hal_can.o
    0x0800237e   0x0800237e   0x00000002   PAD
    0x08002380   0x08002380   0x00000058   Code   RO         1026    i.HAL_CAN_Start     stm32f4xx_hal_can.o
    0x080023d8   0x080023d8   0x00000002   Code   RO         1028    i.HAL_CAN_TxMailbox0AbortCallback  stm32f4xx_hal_can.o
    0x080023da   0x080023da   0x00000002   Code   RO         1029    i.HAL_CAN_TxMailbox0CompleteCallback  stm32f4xx_hal_can.o
    0x080023dc   0x080023dc   0x00000002   Code   RO         1030    i.HAL_CAN_TxMailbox1AbortCallback  stm32f4xx_hal_can.o
    0x080023de   0x080023de   0x00000002   Code   RO         1031    i.HAL_CAN_TxMailbox1CompleteCallback  stm32f4xx_hal_can.o
    0x080023e0   0x080023e0   0x00000002   Code   RO         1032    i.HAL_CAN_TxMailbox2AbortCallback  stm32f4xx_hal_can.o
    0x080023e2   0x080023e2   0x00000002   Code   RO         1033    i.HAL_CAN_TxMailbox2CompleteCallback  stm32f4xx_hal_can.o
    0x080023e4   0x080023e4   0x00000002   Code   RO         1035    i.HAL_CAN_WakeUpFromRxMsgCallback  stm32f4xx_hal_can.o
    0x080023e6   0x080023e6   0x00000042   Code   RO         1237    i.HAL_DAC_ConfigChannel  stm32f4xx_hal_dac.o
    0x08002428   0x08002428   0x0000000c   Code   RO         1245    i.HAL_DAC_GetValue  stm32f4xx_hal_dac.o
    0x08002434   0x08002434   0x00000028   Code   RO         1247    i.HAL_DAC_Init      stm32f4xx_hal_dac.o
    0x0800245c   0x0800245c   0x00000060   Code   RO          409    i.HAL_DAC_MspInit   dac.o
    0x080024bc   0x080024bc   0x0000001a   Code   RO         1250    i.HAL_DAC_SetValue  stm32f4xx_hal_dac.o
    0x080024d6   0x080024d6   0x0000006c   Code   RO         1251    i.HAL_DAC_Start     stm32f4xx_hal_dac.o
    0x08002542   0x08002542   0x00000024   Code   RO         3176    i.HAL_DMA_Abort_IT  stm32f4xx_hal_dma.o
    0x08002566   0x08002566   0x00000002   PAD
    0x08002568   0x08002568   0x00000024   Code   RO         3594    i.HAL_Delay         stm32f4xx_hal.o
    0x0800258c   0x0800258c   0x00000098   Code   RO         2990    i.HAL_FLASHEx_Erase  stm32f4xx_hal_flash_ex.o
    0x08002624   0x08002624   0x00000014   Code   RO         2878    i.HAL_FLASH_Lock    stm32f4xx_hal_flash.o
    0x08002638   0x08002638   0x0000007c   Code   RO         2883    i.HAL_FLASH_Program  stm32f4xx_hal_flash.o
    0x080026b4   0x080026b4   0x0000002c   Code   RO         2885    i.HAL_FLASH_Unlock  stm32f4xx_hal_flash.o
    0x080026e0   0x080026e0   0x00000014   Code   RO         3884    i.HAL_GPIO_EXTI_Callback  tim_ctrl.o
    0x080026f4   0x080026f4   0x00000018   Code   RO         3067    i.HAL_GPIO_EXTI_IRQHandler  stm32f4xx_hal_gpio.o
    0x0800270c   0x0800270c   0x000001b0   Code   RO         3068    i.HAL_GPIO_Init     stm32f4xx_hal_gpio.o
    0x080028bc   0x080028bc   0x0000000a   Code   RO         3070    i.HAL_GPIO_ReadPin  stm32f4xx_hal_gpio.o
    0x080028c6   0x080028c6   0x0000000e   Code   RO         3071    i.HAL_GPIO_TogglePin  stm32f4xx_hal_gpio.o
    0x080028d4   0x080028d4   0x0000000a   Code   RO         3072    i.HAL_GPIO_WritePin  stm32f4xx_hal_gpio.o
    0x080028de   0x080028de   0x00000002   PAD
    0x080028e0   0x080028e0   0x0000000c   Code   RO         3600    i.HAL_GetTick       stm32f4xx_hal.o
    0x080028ec   0x080028ec   0x00000010   Code   RO         3606    i.HAL_IncTick       stm32f4xx_hal.o
    0x080028fc   0x080028fc   0x00000034   Code   RO         3607    i.HAL_Init          stm32f4xx_hal.o
    0x08002930   0x08002930   0x00000040   Code   RO         3608    i.HAL_InitTick      stm32f4xx_hal.o
    0x08002970   0x08002970   0x00000034   Code   RO          701    i.HAL_MspInit       stm32f4xx_hal_msp.o
    0x080029a4   0x080029a4   0x0000001a   Code   RO         3457    i.HAL_NVIC_EnableIRQ  stm32f4xx_hal_cortex.o
    0x080029be   0x080029be   0x00000002   PAD
    0x080029c0   0x080029c0   0x00000040   Code   RO         3463    i.HAL_NVIC_SetPriority  stm32f4xx_hal_cortex.o
    0x08002a00   0x08002a00   0x00000024   Code   RO         3464    i.HAL_NVIC_SetPriorityGrouping  stm32f4xx_hal_cortex.o
    0x08002a24   0x08002a24   0x00000130   Code   RO         2714    i.HAL_RCC_ClockConfig  stm32f4xx_hal_rcc.o
    0x08002b54   0x08002b54   0x00000020   Code   RO         2721    i.HAL_RCC_GetPCLK1Freq  stm32f4xx_hal_rcc.o
    0x08002b74   0x08002b74   0x00000020   Code   RO         2722    i.HAL_RCC_GetPCLK2Freq  stm32f4xx_hal_rcc.o
    0x08002b94   0x08002b94   0x00000060   Code   RO         2723    i.HAL_RCC_GetSysClockFreq  stm32f4xx_hal_rcc.o
    0x08002bf4   0x08002bf4   0x0000031c   Code   RO         2726    i.HAL_RCC_OscConfig  stm32f4xx_hal_rcc.o
    0x08002f10   0x08002f10   0x00000028   Code   RO         3468    i.HAL_SYSTICK_Config  stm32f4xx_hal_cortex.o
    0x08002f38   0x08002f38   0x00000002   Code   RO         2136    i.HAL_TIMEx_BreakCallback  stm32f4xx_hal_tim_ex.o
    0x08002f3a   0x08002f3a   0x00000002   Code   RO         2137    i.HAL_TIMEx_CommutCallback  stm32f4xx_hal_tim_ex.o
    0x08002f3c   0x08002f3c   0x00000054   Code   RO         2139    i.HAL_TIMEx_ConfigBreakDeadTime  stm32f4xx_hal_tim_ex.o
    0x08002f90   0x08002f90   0x00000042   Code   RO         2154    i.HAL_TIMEx_MasterConfigSynchronization  stm32f4xx_hal_tim_ex.o
    0x08002fd2   0x08002fd2   0x00000036   Code   RO         1461    i.HAL_TIM_Base_Init  stm32f4xx_hal_tim.o
    0x08003008   0x08003008   0x0000003c   Code   RO          451    i.HAL_TIM_Base_MspInit  tim.o
    0x08003044   0x08003044   0x00000022   Code   RO         1466    i.HAL_TIM_Base_Start_IT  stm32f4xx_hal_tim.o
    0x08003066   0x08003066   0x00000098   Code   RO         1479    i.HAL_TIM_Encoder_Init  stm32f4xx_hal_tim.o
    0x080030fe   0x080030fe   0x00000002   PAD
    0x08003100   0x08003100   0x00000074   Code   RO          453    i.HAL_TIM_Encoder_MspInit  tim.o
    0x08003174   0x08003174   0x00000002   Code   RO         1490    i.HAL_TIM_IC_CaptureCallback  stm32f4xx_hal_tim.o
    0x08003176   0x08003176   0x00000166   Code   RO         1504    i.HAL_TIM_IRQHandler  stm32f4xx_hal_tim.o
    0x080032dc   0x080032dc   0x00000054   Code   RO          454    i.HAL_TIM_MspPostInit  tim.o
    0x08003330   0x08003330   0x00000002   Code   RO         1507    i.HAL_TIM_OC_DelayElapsedCallback  stm32f4xx_hal_tim.o
    0x08003332   0x08003332   0x000000d0   Code   RO         1528    i.HAL_TIM_PWM_ConfigChannel  stm32f4xx_hal_tim.o
    0x08003402   0x08003402   0x00000036   Code   RO         1531    i.HAL_TIM_PWM_Init  stm32f4xx_hal_tim.o
    0x08003438   0x08003438   0x00000028   Code   RO          456    i.HAL_TIM_PWM_MspInit  tim.o
    0x08003460   0x08003460   0x00000002   Code   RO         1534    i.HAL_TIM_PWM_PulseFinishedCallback  stm32f4xx_hal_tim.o
    0x08003462   0x08003462   0x00000002   PAD
    0x08003464   0x08003464   0x00000044   Code   RO         1536    i.HAL_TIM_PWM_Start  stm32f4xx_hal_tim.o
    0x080034a8   0x080034a8   0x000000e4   Code   RO         3885    i.HAL_TIM_PeriodElapsedCallback  tim_ctrl.o
    0x0800358c   0x0800358c   0x00000002   Code   RO         1547    i.HAL_TIM_TriggerCallback  stm32f4xx_hal_tim.o
    0x0800358e   0x0800358e   0x00000002   Code   RO         2408    i.HAL_UART_ErrorCallback  stm32f4xx_hal_uart.o
    0x08003590   0x08003590   0x00000110   Code   RO         2411    i.HAL_UART_IRQHandler  stm32f4xx_hal_uart.o
    0x080036a0   0x080036a0   0x00000062   Code   RO         2412    i.HAL_UART_Init     stm32f4xx_hal_uart.o
    0x08003702   0x08003702   0x00000002   PAD
    0x08003704   0x08003704   0x00000078   Code   RO          535    i.HAL_UART_MspInit  usart.o
    0x0800377c   0x0800377c   0x00000052   Code   RO         2417    i.HAL_UART_Receive_IT  stm32f4xx_hal_uart.o
    0x080037ce   0x080037ce   0x00000002   PAD
    0x080037d0   0x080037d0   0x00000028   Code   RO          536    i.HAL_UART_RxCpltCallback  usart.o
    0x080037f8   0x080037f8   0x000000ba   Code   RO         2420    i.HAL_UART_Transmit  stm32f4xx_hal_uart.o
    0x080038b2   0x080038b2   0x00000002   Code   RO         2423    i.HAL_UART_TxCpltCallback  stm32f4xx_hal_uart.o
    0x080038b4   0x080038b4   0x00000002   Code   RO          595    i.HardFault_Handler  stm32f4xx_it.o
    0x080038b6   0x080038b6   0x00000002   PAD
    0x080038b8   0x080038b8   0x0000007c   Code   RO          288    i.MX_ADC1_Init      adc.o
    0x08003934   0x08003934   0x00000078   Code   RO          289    i.MX_ADC3_Init      adc.o
    0x080039ac   0x080039ac   0x00000044   Code   RO          368    i.MX_CAN1_Init      can.o
    0x080039f0   0x080039f0   0x0000003c   Code   RO          410    i.MX_DAC_Init       dac.o
    0x08003a2c   0x08003a2c   0x000000fc   Code   RO          256    i.MX_GPIO_Init      gpio.o
    0x08003b28   0x08003b28   0x00000034   Code   RO          457    i.MX_TIM14_Init     tim.o
    0x08003b5c   0x08003b5c   0x000000b0   Code   RO          458    i.MX_TIM1_Init      tim.o
    0x08003c0c   0x08003c0c   0x0000006c   Code   RO          459    i.MX_TIM3_Init      tim.o
    0x08003c78   0x08003c78   0x00000038   Code   RO          537    i.MX_USART2_UART_Init  usart.o
    0x08003cb0   0x08003cb0   0x00000002   Code   RO          596    i.MemManage_Handler  stm32f4xx_it.o
    0x08003cb2   0x08003cb2   0x00000026   Code   RO         4080    i.MotorDataFdbk     protocol.o
    0x08003cd8   0x08003cd8   0x00000194   Code   RO         3886    i.MotorState        tim_ctrl.o
    0x08003e6c   0x08003e6c   0x00000002   Code   RO          597    i.NMI_Handler       stm32f4xx_it.o
    0x08003e6e   0x08003e6e   0x00000002   PAD
    0x08003e70   0x08003e70   0x00000038   Code   RO           19    i.ParaInit          main.o
    0x08003ea8   0x08003ea8   0x00000002   Code   RO          598    i.PendSV_Handler    stm32f4xx_it.o
    0x08003eaa   0x08003eaa   0x00000002   PAD
    0x08003eac   0x08003eac   0x00000588   Code   RO         3974    i.PlanTraj          motor.o
    0x08004434   0x08004434   0x0000028c   Code   RO         4198    i.ProtocAnalsis     com.o
    0x080046c0   0x080046c0   0x00000030   Code   RO         3976    i.RPreMin2CounterPerSec  motor.o
    0x080046f0   0x080046f0   0x00000046   Code   RO         4159    i.STMFLASH_Write    stmflash.o
    0x08004736   0x08004736   0x00000002   Code   RO          599    i.SVC_Handler       stm32f4xx_it.o
    0x08004738   0x08004738   0x000000c4   Code   RO         3977    i.SetMotorPWM       motor.o
    0x080047fc   0x080047fc   0x000000a8   Code   RO           20    i.StartUp           main.o
    0x080048a4   0x080048a4   0x00000004   Code   RO          600    i.SysTick_Handler   stm32f4xx_it.o
    0x080048a8   0x080048a8   0x00000084   Code   RO           21    i.SystemClock_Config  main.o
    0x0800492c   0x0800492c   0x00000054   Code   RO         3843    i.SystemInit        system_stm32f4xx.o
    0x08004980   0x08004980   0x0000000c   Code   RO          601    i.TIM3_IRQHandler   stm32f4xx_it.o
    0x0800498c   0x0800498c   0x0000000c   Code   RO          602    i.TIM8_TRG_COM_TIM14_IRQHandler  stm32f4xx_it.o
    0x08004998   0x08004998   0x000000c8   Code   RO         1549    i.TIM_Base_SetConfig  stm32f4xx_hal_tim.o
    0x08004a60   0x08004a60   0x0000001a   Code   RO         1550    i.TIM_CCxChannelCmd  stm32f4xx_hal_tim.o
    0x08004a7a   0x08004a7a   0x00000002   PAD
    0x08004a7c   0x08004a7c   0x00000060   Code   RO         1562    i.TIM_OC1_SetConfig  stm32f4xx_hal_tim.o
    0x08004adc   0x08004adc   0x0000006c   Code   RO         1563    i.TIM_OC2_SetConfig  stm32f4xx_hal_tim.o
    0x08004b48   0x08004b48   0x00000068   Code   RO         1564    i.TIM_OC3_SetConfig  stm32f4xx_hal_tim.o
    0x08004bb0   0x08004bb0   0x00000050   Code   RO         1565    i.TIM_OC4_SetConfig  stm32f4xx_hal_tim.o
    0x08004c00   0x08004c00   0x00000010   Code   RO         2425    i.UART_DMAAbortOnError  stm32f4xx_hal_uart.o
    0x08004c10   0x08004c10   0x0000001c   Code   RO         2435    i.UART_EndRxTransfer  stm32f4xx_hal_uart.o
    0x08004c2c   0x08004c2c   0x00000096   Code   RO         2437    i.UART_Receive_IT   stm32f4xx_hal_uart.o
    0x08004cc2   0x08004cc2   0x00000002   PAD
    0x08004cc4   0x08004cc4   0x000002ac   Code   RO         2438    i.UART_SetConfig    stm32f4xx_hal_uart.o
    0x08004f70   0x08004f70   0x00000062   Code   RO         2439    i.UART_Transmit_IT  stm32f4xx_hal_uart.o
    0x08004fd2   0x08004fd2   0x00000064   Code   RO         2440    i.UART_WaitOnFlagUntilTimeout  stm32f4xx_hal_uart.o
    0x08005036   0x08005036   0x00000002   PAD
    0x08005038   0x08005038   0x00000084   Code   RO         4199    i.USART2Interrupt   com.o
    0x080050bc   0x080050bc   0x0000000c   Code   RO          603    i.USART2_IRQHandler  stm32f4xx_it.o
    0x080050c8   0x080050c8   0x00000074   Code   RO         4200    i.UartSendData      com.o
    0x0800513c   0x0800513c   0x00000002   Code   RO          604    i.UsageFault_Handler  stm32f4xx_it.o
    0x0800513e   0x0800513e   0x00000002   PAD
    0x08005140   0x08005140   0x00000020   Code   RO         4496    i.__0printf         mc_w.l(printfa.o)
    0x08005160   0x08005160   0x00000020   Code   RO         3470    i.__NVIC_SetPriority  stm32f4xx_hal_cortex.o
    0x08005180   0x08005180   0x0000007a   Code   RO         4236    i.__hardfp_sqrt     m_wm.l(sqrt.o)
    0x080051fa   0x080051fa   0x0000000e   Code   RO         4593    i.__scatterload_copy  mc_w.l(handlers.o)
    0x08005208   0x08005208   0x00000002   Code   RO         4594    i.__scatterload_null  mc_w.l(handlers.o)
    0x0800520a   0x0800520a   0x0000000e   Code   RO         4595    i.__scatterload_zeroinit  mc_w.l(handlers.o)
    0x08005218   0x08005218   0x0000000c   Code   RO         4571    i.__set_errno       mc_w.l(errno.o)
    0x08005224   0x08005224   0x00000184   Code   RO         4503    i._fp_digits        mc_w.l(printfa.o)
    0x080053a8   0x080053a8   0x000006dc   Code   RO         4504    i._printf_core      mc_w.l(printfa.o)
    0x08005a84   0x08005a84   0x00000024   Code   RO         4505    i._printf_post_padding  mc_w.l(printfa.o)
    0x08005aa8   0x08005aa8   0x0000002e   Code   RO         4506    i._printf_pre_padding  mc_w.l(printfa.o)
    0x08005ad6   0x08005ad6   0x00000002   PAD
    0x08005ad8   0x08005ad8   0x00000018   Code   RO          538    i.fputc             usart.o
    0x08005af0   0x08005af0   0x00000158   Code   RO           22    i.main              main.o
    0x08005c48   0x08005c48   0x00000010   Code   RO         3978    i.setFullPWM        motor.o
    0x08005c58   0x08005c58   0x00000030   Code   RO         3979    i.setPWMAitClockwise  motor.o
    0x08005c88   0x08005c88   0x00000030   Code   RO         3980    i.setPWMClockwise   motor.o
    0x08005cb8   0x08005cb8   0x00000014   Code   RO         3981    i.setZeroPWM        motor.o
    0x08005ccc   0x08005ccc   0x00000064   Data   RO           25    .constdata          main.o
    0x08005d30   0x08005d30   0x00000010   Data   RO         3844    .constdata          system_stm32f4xx.o
    0x08005d40   0x08005d40   0x00000008   Data   RO         3845    .constdata          system_stm32f4xx.o
    0x08005d48   0x08005d48   0x00000020   Data   RO         4591    Region$$Table       anon$$obj.o


    Execution Region RW_IRAM1 (Exec base: 0x20000000, Load base: 0x08005d68, Size: 0x00005458, Max: 0x00020000, ABSOLUTE)

    Exec Addr    Load Addr    Size         Type   Attr      Idx    E Section Name        Object

    0x20000000   0x08005d68   0x00000008   Data   RW           26    .data               main.o
    0x20000008   0x08005d70   0x00000078   Data   RW           27    .data               main.o
    0x20000080   0x08005de8   0x00000004   Data   RW           28    .data               main.o
    0x20000084   0x08005dec   0x00000004   Data   RW           31    .data               main.o
    0x20000088   0x08005df0   0x00000008   Data   RW          291    .data               adc.o
    0x20000090   0x08005df8   0x00000008   Data   RW          292    .data               adc.o
    0x20000098   0x08005e00   0x00000001   Data   RW          540    .data               usart.o
    0x20000099   0x08005e01   0x00000001   Data   RW          541    .data               usart.o
    0x2000009a   0x08005e02   0x00000002   PAD
    0x2000009c   0x08005e04   0x0000000c   Data   RW         3614    .data               stm32f4xx_hal.o
    0x200000a8   0x08005e10   0x00000004   Data   RW         3846    .data               system_stm32f4xx.o
    0x200000ac   0x08005e14   0x0000000c   Data   RW         3888    .data               tim_ctrl.o
    0x200000b8   0x08005e20   0x00000018   Data   RW         3983    .data               motor.o
    0x200000d0   0x08005e38   0x00000018   Data   RW         4202    .data               com.o
    0x200000e8   0x08005e50   0x00000004   Data   RW         4560    .data               mc_w.l(stdout.o)
    0x200000ec   0x08005e54   0x00000004   Data   RW         4572    .data               mc_w.l(errno.o)
    0x200000f0        -       0x00000060   Zero   RW           23    .bss                main.o
    0x20000150        -       0x00000034   Zero   RW           24    .bss                main.o
    0x20000184        -       0x000000b8   Zero   RW          290    .bss                adc.o
    0x2000023c        -       0x00000028   Zero   RW          369    .bss                can.o
    0x20000264        -       0x00000014   Zero   RW          411    .bss                dac.o
    0x20000278        -       0x000000c0   Zero   RW          460    .bss                tim.o
    0x20000338        -       0x00000040   Zero   RW          539    .bss                usart.o
    0x20000378        -       0x00000020   Zero   RW         2886    .bss                stm32f4xx_hal_flash.o
    0x20000398        -       0x00003f88   Zero   RW         3887    .bss                tim_ctrl.o
    0x20004320        -       0x00000100   Zero   RW         3982    .bss                motor.o
    0x20004420        -       0x00000024   Zero   RW         4081    .bss                protocol.o
    0x20004444        -       0x00000012   Zero   RW         4201    .bss                com.o
    0x20004456   0x08005e58   0x00000002   PAD
    0x20004458        -       0x00001000   Zero   RW            1    STACK               startup_stm32f405xx.o


==============================================================================

Image component sizes


      Code (inc. data)   RO Data    RW Data    ZI Data      Debug   Object Name

       884         56          0         16        184       7106   adc.o
       192         22          0          0         40       1733   can.o
       900         56          0         24         18       3767   com.o
       156         22          0          0         20       1699   dac.o
       252         22          0          0          0       1023   gpio.o
      1094        270        100        136        148     687851   main.o
      2512        182          0         24        256       8786   motor.o
      1252        122          0          0         36       8302   protocol.o
        36          8        392          0       4096        856   startup_stm32f405xx.o
       180         28          0         12          0       4705   stm32f4xx_hal.o
      1116         54          0          0          0       5378   stm32f4xx_hal_adc.o
      1682          6          0          0          0      15409   stm32f4xx_hal_can.o
       198         14          0          0          0      34055   stm32f4xx_hal_cortex.o
       252          0          0          0          0       4289   stm32f4xx_hal_dac.o
        36          0          0          0          0       1251   stm32f4xx_hal_dma.o
       516         66          0          0         32       6798   stm32f4xx_hal_flash.o
       356         24          0          0          0       4090   stm32f4xx_hal_flash_ex.o
       490         50          0          0          0       4447   stm32f4xx_hal_gpio.o
        52          4          0          0          0        874   stm32f4xx_hal_msp.o
      1260         76          0          0          0       5260   stm32f4xx_hal_rcc.o
      1550         90          0          0          0      13879   stm32f4xx_hal_tim.o
       154          0          0          0          0       3349   stm32f4xx_hal_tim_ex.o
      1718         14          0          0          0      10003   stm32f4xx_hal_uart.o
       100         24          0          0          0       7198   stm32f4xx_it.o
        70          0          0          0          0       1229   stmflash.o
        84         18         24          4          0       1215   system_stm32f4xx.o
       636         68          0          0        192       4976   tim.o
       798         70          0         12      16264       8155   tim_ctrl.o
       240         32          0          2         64       3052   usart.o

    ----------------------------------------------------------------------
     18812       1398        548        232      21352     860735   Object Totals
         0          0         32          0          0          0   (incl. Generated)
        46          0          0          2          2          0   (incl. Padding)

    ----------------------------------------------------------------------

      Code (inc. data)   RO Data    RW Data    ZI Data      Debug   Library Member Name

       122          0          0          0          0        148   sqrt.o
         0          0          0          0          0          0   entry.o
         0          0          0          0          0          0   entry10a.o
         0          0          0          0          0          0   entry11a.o
         8          4          0          0          0          0   entry2.o
         4          0          0          0          0          0   entry5.o
         0          0          0          0          0          0   entry7b.o
         0          0          0          0          0          0   entry8b.o
         8          4          0          0          0          0   entry9a.o
        12          6          0          4          0         68   errno.o
        30          0          0          0          0          0   handlers.o
        36          8          0          0          0         68   init.o
         0          0          0          0          0          0   iusefp.o
        22          0          0          0          0         68   llabs.o
        30          0          0          0          0         68   llshl.o
        36          0          0          0          0         68   llsshr.o
        32          0          0          0          0         68   llushr.o
        36          0          0          0          0         68   memcpya.o
        36          0          0          0          0        108   memseta.o
      2258         90          0          0          0        452   printfa.o
         0          0          0          4          0          0   stdout.o
        44          0          0          0          0         80   uidiv.o
        98          0          0          0          0         92   uldiv.o
        48          0          0          0          0         68   cdrcmple.o
        56          0          0          0          0         88   d2f.o
       334          0          0          0          0        148   dadd.o
       222          0          0          0          0        100   ddiv.o
       186          0          0          0          0        176   depilogue.o
        62          0          0          0          0         80   dfixi.o
        74          0          0          0          0         80   dfixl.o
        48          0          0          0          0         68   dfixul.o
        34          0          0          0          0         76   dflti.o
        26          0          0          0          0         76   dfltui.o
       228          0          0          0          0         96   dmul.o
       162          0          0          0          0        100   dsqrt.o
        38          0          0          0          0         68   f2d.o
       110          0          0          0          0        168   fepilogue.o
        66          0          0          0          0         76   ffixl.o
        44          0          0          0          0         92   ffltl.o

    ----------------------------------------------------------------------
      4552        112          0          8          0       2916   Library Totals
         2          0          0          0          0          0   (incl. Padding)

    ----------------------------------------------------------------------

      Code (inc. data)   RO Data    RW Data    ZI Data      Debug   Library Name

       122          0          0          0          0        148   m_wm.l
      2690        112          0          8          0       1208   mc_w.l
      1738          0          0          0          0       1560   mf_w.l

    ----------------------------------------------------------------------
      4552        112          0          8          0       2916   Library Totals

    ----------------------------------------------------------------------

==============================================================================


      Code (inc. data)   RO Data    RW Data    ZI Data      Debug   

     23364       1510        548        240      21352     845299   Grand Totals
     23364       1510        548        240      21352     845299   ELF Image Totals
     23364       1510        548        240          0          0   ROM Totals

==============================================================================

    Total RO  Size (Code + RO Data)                23912 (  23.35kB)
    Total RW  Size (RW Data + ZI Data)             21592 (  21.09kB)
    Total ROM Size (Code + RO Data + RW Data)      24152 (  23.59kB)

==============================================================================

