<html>
<body>
<pre>
<h1>µVision Build Log</h1>
<h2>Tool Versions:</h2>
IDE-Version: ¦ÌVision V5.27.1.0
Copyright (C) 2019 ARM Ltd and ARM Germany GmbH. All rights reserved.
License Information: Tju Dell_tju, Tju, LIC=FQQQD-8JFG3-BXFUY-IS7T3-V3YT4-HSMSG
 
Tool Versions:
Toolchain:       MDK-ARM Professional  Version: 5.27.1.0
Toolchain Path:  C:\Keil_v5\ARM\ARMCC\Bin
C Compiler:      Armcc.exe V5.06 update 6 (build 750)
Assembler:       Armasm.exe V5.06 update 6 (build 750)
Linker/Locator:  ArmLink.exe V5.06 update 6 (build 750)
Library Manager: ArmAr.exe V5.06 update 6 (build 750)
Hex Converter:   FromElf.exe V5.06 update 6 (build 750)
CPU DLL:         SARMCM3.DLL V5.27.1.0
Dialog DLL:      DCM.DLL V1.17.2.0
Target DLL:      Segger\JL2CM3.dll V2.99.35.0
Dialog DLL:      TCM.DLL V1.36.1.0
 
<h2>Project:</h2>
D:\AProject\He_project\software\motorDriver\motorDriver\MDK-ARM\motorDriver.uvprojx
Project File Date:  08/08/2020

<h2>Output:</h2>
*** Using Compiler 'V5.06 update 6 (build 750)', folder: 'C:\Keil_v5\ARM\ARMCC\Bin'
Build target 'motorDriver'
compiling dac.c...
compiling stm32f4xx_it.c...
compiling adc.c...
compiling can.c...
compiling motor.c...
..\User\motor.c(271): warning:  #1035-D: single-precision operand implicitly converted to double-precision
  					M1Ctrl.speedReduce = (double)CounterPerSec2RPreMin(M1.speed/0.01);
..\User\motor.c: 1 warning, 0 errors
compiling tim.c...
compiling tim_ctrl.c...
..\User\tim_ctrl.c(212): warning:  #177-D: variable "tt"  was declared but never referenced
  	static int tt = 10000;
..\User\tim_ctrl.c: 1 warning, 0 errors
compiling protocol.c...
compiling stm32f4xx_hal_msp.c...
compiling gpio.c...
compiling main.c...
../Src/main.c(193): warning:  #177-D: variable "kk"  was declared but never referenced
    unsigned int numm,kk;
../Src/main.c(194): warning:  #177-D: variable "canData"  was declared but never referenced
    char canData[100] = "hello can test success!\n";
../Src/main.c: 2 warnings, 0 errors
compiling usart.c...
compiling com.c...
..\User\com.c(194): warning:  #550-D: variable "Status"  was set but never used
  	char Status = HAL_OK; 
..\User\com.c: 1 warning, 0 errors
linking...
Program Size: Code=23364 RO-data=548 RW-data=240 ZI-data=21352  
FromELF: creating hex file...
"motorDriver\motorDriver.axf" - 0 Error(s), 5 Warning(s).

<h2>Software Packages used:</h2>

Package Vendor: ARM
                http://www.keil.com/pack/ARM.CMSIS.5.3.0.pack
                ARM.CMSIS.5.3.0
                CMSIS (Cortex Microcontroller Software Interface Standard)
   * Component: CORE Version: 5.1.1

Package Vendor: Keil
                http://www.keil.com/pack/Keil.STM32F4xx_DFP.2.14.0.pack
                Keil.STM32F4xx_DFP.2.14.0
                STMicroelectronics STM32F4 Series Device Support, Drivers and Examples

<h2>Collection of Component include folders:</h2>
  .\RTE\_motorDriver
  C:\Users\Dell_tju\AppData\Local\Arm\Packs\ARM\CMSIS\5.3.0\CMSIS\Include
  C:\Users\Dell_tju\AppData\Local\Arm\Packs\Keil\STM32F4xx_DFP\2.14.0\Drivers\CMSIS\Device\ST\STM32F4xx\Include

<h2>Collection of Component Files used:</h2>

   * Component: ARM::CMSIS:CORE:5.1.1
Build Time Elapsed:  00:00:09
</pre>
</body>
</html>
