<html>
<body>
<pre>
<h1>礦ision Build Log</h1>
<h2>Tool Versions:</h2>
IDE-Version: μVision V5.27.1.0
Copyright (C) 2019 ARM Ltd and ARM Germany GmbH. All rights reserved.
License Information: Tju Dell_tju, Tju, LIC=FQQQD-8JFG3-BXFUY-IS7T3-V3YT4-HSMSG
 
Tool Versions:
Toolchain:       MDK-ARM Professional  Version: 5.27.1.0
Toolchain Path:  C:\Keil_v5\ARM\ARMCC\Bin
C Compiler:      Armcc.exe V5.06 update 6 (build 750)
Assembler:       Armasm.exe V5.06 update 6 (build 750)
Linker/Locator:  ArmLink.exe V5.06 update 6 (build 750)
Library Manager: ArmAr.exe V5.06 update 6 (build 750)
Hex Converter:   FromElf.exe V5.06 update 6 (build 750)
CPU DLL:         SARMCM3.DLL V5.27.1.0
Dialog DLL:      DCM.DLL V1.17.2.0
Target DLL:      Segger\JL2CM3.dll V2.99.35.0
Dialog DLL:      TCM.DLL V1.36.1.0
 
<h2>Project:</h2>
D:\AProject\He_project\software\motorDriver\motorDriver\MDK-ARM\motorDriver.uvprojx
Project File Date:  01/04/2020

<h2>Output:</h2>
*** Using Compiler 'V5.06 update 6 (build 750)', folder: 'C:\Keil_v5\ARM\ARMCC\Bin'
Build target 'motorDriver'
compiling motor.c...
..\User\motor.c(33): warning:  #940-D: missing return statement at end of non-void function "CtrlMotor" 
  }
..\User\motor.c(51): warning:  #177-D: variable "err"  was declared but never referenced
  	long long int err = 0;
..\User\motor.c(134): warning:  #1035-D: single-precision operand implicitly converted to double-precision
  		M1Ctrl.distance[2] = (M1Ctrl.stepArr[2]/1000.0f) * spMax * 0.5;	//减速三角形的面积
..\User\motor.c(135): warning:  #1035-D: single-precision operand implicitly converted to double-precision
  		M1Ctrl.distance[0] = (M1Ctrl.stepArr[0]/1000.0f) * spMax * 0.5;	//加速三角形面积
..\User\motor.c(170): warning:  #1035-D: single-precision operand implicitly converted to double-precision
  				M1Ctrl.distance[2] = (M1Ctrl.stepArr[2]/1000.0f) * spMax * 0.5;	//减速三角形的面积
..\User\motor.c(171): warning:  #1035-D: single-precision operand implicitly converted to double-precision
  				M1Ctrl.distance[0] = (M1Ctrl.stepArr[0]/1000.0f) * (spMax-RPreMin2CounterPerSec(M1.speed)) * 0.5;//加速三角形面积
..\User\motor.c(195): warning:  #1035-D: single-precision operand implicitly converted to double-precision
  				M1Ctrl.distance[2] = (M1Ctrl.stepArr[2]/1000.0f) * spMax * 0.5;	//减速三角形的面积
..\User\motor.c(222): warning:  #1035-D: single-precision operand implicitly converted to double-precision
  					M1Ctrl.speedReduce = CounterPerSec2RPreMin(M1.speed/0.01);
..\User\motor.c(126): warning:  #177-D: variable "vPlan"  was declared but never referenced
  	float vPlan,tAll;	
..\User\motor.c(126): warning:  #177-D: variable "tAll"  was declared but never referenced
  	float vPlan,tAll;	
..\User\motor.c: 10 warnings, 0 errors
linking...
Program Size: Code=21020 RO-data=448 RW-data=196 ZI-data=18132  
FromELF: creating hex file...
"motorDriver\motorDriver.axf" - 0 Error(s), 10 Warning(s).

<h2>Software Packages used:</h2>

Package Vendor: ARM
                http://www.keil.com/pack/ARM.CMSIS.5.3.0.pack
                ARM.CMSIS.5.3.0
                CMSIS (Cortex Microcontroller Software Interface Standard)
   * Component: CORE Version: 5.1.1

Package Vendor: Keil
                http://www.keil.com/pack/Keil.STM32F4xx_DFP.2.14.0.pack
                Keil.STM32F4xx_DFP.2.14.0
                STMicroelectronics STM32F4 Series Device Support, Drivers and Examples

<h2>Collection of Component include folders:</h2>
  .\RTE\_motorDriver
  C:\Users\Dell_tju\AppData\Local\Arm\Packs\ARM\CMSIS\5.3.0\CMSIS\Include
  C:\Users\Dell_tju\AppData\Local\Arm\Packs\Keil\STM32F4xx_DFP\2.14.0\Drivers\CMSIS\Device\ST\STM32F4xx\Include

<h2>Collection of Component Files used:</h2>

   * Component: ARM::CMSIS:CORE:5.1.1
Build Time Elapsed:  00:00:02
</pre>
</body>
</html>
